<html>
<body>
<pre>
<h1>µVision Build Log</h1>
<h2>Tool Versions:</h2>
IDE-Version: ¦ÌVision V5.28.0.0
Copyright (C) 2019 ARM Ltd and ARM Germany GmbH. All rights reserved.
License Information: 1 1, 1, LIC=RC93N-YB7PF-QDIKD-8FVKX-HTE52-EY3L3
 
Tool Versions:
Toolchain:       MDK-ARM Plus  Version: 5.28.0.0
Toolchain Path:  F:\MDK\core\ARM\ARMCC\Bin
C Compiler:      Armcc.exe V5.06 update 6 (build 750)
Assembler:       Armasm.exe V5.06 update 6 (build 750)
Linker/Locator:  ArmLink.exe V5.06 update 6 (build 750)
Library Manager: ArmAr.exe V5.06 update 6 (build 750)
Hex Converter:   FromElf.exe V5.06 update 6 (build 750)
CPU DLL:         SARMCM3.DLL V5.28.0.0
Dialog DLL:      DARMCM1.DLL V1.19.2.0
Target DLL:      CMSIS_AGDI.dll V1.31.18.0
Dialog DLL:      TARMCM1.DLL V1.14.1.0
 
<h2>Project:</h2>
E:\study\stupid car\×îºó³ÌÐò\Ò£¿ØÆ÷1\Project\MDK\MM32SPIN27PS.uvprojx
Project File Date:  07/29/2023

<h2>Output:</h2>
*** Using Compiler 'V5.06 update 6 (build 750)', folder: 'F:\MDK\core\ARM\ARMCC\Bin'
Build target 'MM32SPIN27PS_Demo'
compiling common.c...
compiling SEEKFREE_PRINTF.c...
compiling board.c...
compiling system_mm32spin2xx_p.c...
compiling lcd.c...
assembling startup_mm32spin2xx_p_keil.s...
compiling yao_gan.c...
compiling isr.c...
compiling touch.c...
compiling key.c...
compiling mw1208.c...
compiling main.c...
compiling zf_adc.c...
compiling zf_camera.c...
compiling zf_exti.c...
compiling zf_gpio.c...
compiling zf_flash.c...
compiling zf_pit.c...
compiling zf_uart.c...
compiling zf_spi.c...
compiling zf_pwm.c...
compiling zf_systick.c...
compiling zf_tim.c...
compiling SEEKFREE_18TFT.c...
compiling SEEKFREE_7725.c...
compiling SEEKFREE_ABSOLUTE_ENCODER.c...
compiling SEEKFREE_FONT.c...
compiling SEEKFREE_ICM20602.c...
compiling SEEKFREE_IIC.c...
compiling SEEKFREE_MPU6050.c...
compiling SEEKFREE_MMA8451.c...
compiling SEEKFREE_L3G4200D.c...
compiling SEEKFREE_OLED.c...
compiling SEEKFREE_TSL1401.c...
compiling SEEKFREE_IPS114_SPI.c...
compiling SEEKFREE_UART_7725.c...
compiling SEEKFREE_MT9V03X.c...
compiling hal_crc.c...
compiling hal_comp.c...
compiling hal_bkp.c...
compiling SEEKFREE_VIRSCO.c...
compiling SEEKFREE_WIRELESS.c...
compiling hal_dbg.c...
compiling hal_div.c...
compiling hal_adc.c...
compiling hal_dma.c...
compiling hal_exti.c...
compiling hal_flash.c...
compiling hal_opamp.c...
compiling hal_iwdg.c...
compiling hal_gpio.c...
compiling hal_pwr.c...
compiling hal_sqrt.c...
compiling hal_i2c.c...
compiling hal_misc.c...
compiling hal_rcc.c...
compiling hal_spi.c...
compiling hal_uart.c...
compiling hal_tim.c...
compiling hal_uid.c...
compiling hal_ver.c...
compiling hal_wwdg.c...
compiling page.c...
compiling send_page.c...
compiling skim_page.c...
compiling set_page.c...
compiling gps_page.c...
compiling rov_page.c...
compiling gui.c...
linking...
Program Size: Code=51960 RO-data=3880 RW-data=872 ZI-data=7688  
".\Objects\MM32SPIN2PS.axf" - 0 Error(s), 0 Warning(s).

<h2>Software Packages used:</h2>

Package Vendor: MindMotion
                http://www.mindmotion.com.cn/Download/MDK_KEIL/MindMotion.MM32SPIN2x_DFP.1.1.6.pack
                MindMotion.MM32SPIN2x_DFP.1.1.6
                MindMotion MM32SPIN2x Series Device Support, Drivers and Examples

<h2>Collection of Component include folders:</h2>
  .\RTE\_MM32SPIN27PS_Demo
  F:\MDK\pack\MindMotion\MM32SPIN2x_DFP\1.1.6\Device\MM32SPIN2x\Include

<h2>Collection of Component Files used:</h2>
Build Time Elapsed:  00:00:05
</pre>
</body>
</html>
