Component: ARM Compiler 5.06 update 6 (build 750) Tool: armlink [4d35ed]

==============================================================================

Section Cross References

    isr.o(i.DMA1_Channel1_IRQHandler) refers to hal_dma.o(i.DMA_GetFlagStatus) for DMA_GetFlagStatus
    isr.o(i.DMA1_Channel1_IRQHandler) refers to hal_dma.o(i.DMA_ClearFlag) for DMA_ClearFlag
    isr.o(i.DMA1_Channel2_3_IRQHandler) refers to hal_dma.o(i.DMA_GetFlagStatus) for DMA_GetFlagStatus
    isr.o(i.DMA1_Channel2_3_IRQHandler) refers to hal_dma.o(i.DMA_ClearFlag) for DMA_ClearFlag
    isr.o(i.DMA1_Channel4_5_IRQHandler) refers to hal_dma.o(i.DMA_GetFlagStatus) for DMA_GetFlagStatus
    isr.o(i.DMA1_Channel4_5_IRQHandler) refers to hal_dma.o(i.DMA_ClearFlag) for DMA_ClearFlag
    isr.o(i.DMA1_Channel4_5_IRQHandler) refers to seekfree_7725.o(i.ov7725_dma) for ov7725_dma
    isr.o(i.DMA1_Channel4_5_IRQHandler) refers to seekfree_uart_7725.o(i.ov7725_uart_dma) for ov7725_uart_dma
    isr.o(i.DMA1_Channel4_5_IRQHandler) refers to seekfree_mt9v03x.o(i.mt9v03x_dma) for mt9v03x_dma
    isr.o(i.DMA1_Channel4_5_IRQHandler) refers to common.o(.data) for camera_type
    isr.o(i.EXTI0_1_IRQHandler) refers to hal_exti.o(i.EXTI_GetITStatus) for EXTI_GetITStatus
    isr.o(i.EXTI0_1_IRQHandler) refers to hal_exti.o(i.EXTI_ClearFlag) for EXTI_ClearFlag
    isr.o(i.EXTI2_3_IRQHandler) refers to hal_exti.o(i.EXTI_GetITStatus) for EXTI_GetITStatus
    isr.o(i.EXTI2_3_IRQHandler) refers to hal_exti.o(i.EXTI_ClearFlag) for EXTI_ClearFlag
    isr.o(i.EXTI4_15_IRQHandler) refers to hal_exti.o(i.EXTI_GetITStatus) for EXTI_GetITStatus
    isr.o(i.EXTI4_15_IRQHandler) refers to hal_exti.o(i.EXTI_ClearFlag) for EXTI_ClearFlag
    isr.o(i.EXTI4_15_IRQHandler) refers to seekfree_7725.o(i.ov7725_vsync) for ov7725_vsync
    isr.o(i.EXTI4_15_IRQHandler) refers to seekfree_uart_7725.o(i.ov7725_uart_vsync) for ov7725_uart_vsync
    isr.o(i.EXTI4_15_IRQHandler) refers to seekfree_mt9v03x.o(i.mt9v03x_vsync) for mt9v03x_vsync
    isr.o(i.EXTI4_15_IRQHandler) refers to common.o(.data) for camera_type
    isr.o(i.UART2_IRQHandler) refers to mw1208.o(i.mw1208_uart_handle) for mw1208_uart_handle
    main.o(i.main) refers to board.o(i.board_init) for board_init
    main.o(i.main) refers to mw1208.o(i.mw1208_init) for mw1208_init
    main.o(i.main) refers to yao_gan.o(i.ps2_init) for ps2_init
    main.o(i.main) refers to key.o(i.key_init) for key_init
    main.o(i.main) refers to lcd.o(i.LCD_Init) for LCD_Init
    main.o(i.main) refers to page.o(i.page_create) for page_create
    main.o(i.main) refers to touch.o(i.TP_Init) for TP_Init
    main.o(i.main) refers to gui.o(i.lcd_tim_init) for lcd_tim_init
    main.o(i.main) refers to zf_systick.o(i.systick_start) for systick_start
    main.o(i.main) refers to touch.o(i.tp_scan) for tp_scan
    main.o(i.main) refers to yao_gan.o(i.key_scan) for key_scan
    main.o(i.main) refers to mw1208.o(i.decode_lora_str) for decode_lora_str
    main.o(i.main) refers to page.o(i.page_touch_handler) for page_touch_handler
    main.o(i.main) refers to page.o(i.general_handler) for general_handler
    main.o(i.main) refers to mw1208.o(.bss) for lora_receive_data
    lcd.o(i.DATAOUT) refers to zf_gpio.o(i.gpio_set) for gpio_set
    lcd.o(i.LCD_Clear) refers to lcd.o(i.LCD_SetCursor) for LCD_SetCursor
    lcd.o(i.LCD_Clear) refers to lcd.o(i.LCD_WR_REG) for LCD_WR_REG
    lcd.o(i.LCD_Clear) refers to zf_gpio.o(i.gpio_set) for gpio_set
    lcd.o(i.LCD_Clear) refers to lcd.o(i.DATAOUT) for DATAOUT
    lcd.o(i.LCD_Clear) refers to lcd.o(.bss) for lcddev
    lcd.o(i.LCD_DisplayOff) refers to lcd.o(i.LCD_WR_REG) for LCD_WR_REG
    lcd.o(i.LCD_DisplayOn) refers to lcd.o(i.LCD_WR_REG) for LCD_WR_REG
    lcd.o(i.LCD_Display_Dir) refers to lcd.o(i.LCD_Scan_Dir) for LCD_Scan_Dir
    lcd.o(i.LCD_Display_Dir) refers to lcd.o(.bss) for lcddev
    lcd.o(i.LCD_DrawPoint) refers to lcd.o(i.LCD_SetCursor) for LCD_SetCursor
    lcd.o(i.LCD_DrawPoint) refers to lcd.o(i.LCD_WR_REG) for LCD_WR_REG
    lcd.o(i.LCD_DrawPoint) refers to zf_gpio.o(i.gpio_set) for gpio_set
    lcd.o(i.LCD_DrawPoint) refers to lcd.o(i.DATAOUT) for DATAOUT
    lcd.o(i.LCD_Draw_Circle) refers to lcd.o(i.LCD_DrawPoint) for LCD_DrawPoint
    lcd.o(i.LCD_Draw_Circle) refers to lcd.o(.data) for POINT_COLOR
    lcd.o(i.LCD_Fill) refers to lcd.o(i.LCD_SetCursor) for LCD_SetCursor
    lcd.o(i.LCD_Fill) refers to lcd.o(i.LCD_WriteRAM_Prepare) for LCD_WriteRAM_Prepare
    lcd.o(i.LCD_Fill) refers to zf_gpio.o(i.gpio_set) for gpio_set
    lcd.o(i.LCD_Fill) refers to lcd.o(i.DATAOUT) for DATAOUT
    lcd.o(i.LCD_Init) refers to lcd.o(i.lcd_pin_init) for lcd_pin_init
    lcd.o(i.LCD_Init) refers to lcd.o(i.LCD_WR_REG) for LCD_WR_REG
    lcd.o(i.LCD_Init) refers to lcd.o(i.LCD_WR_DATAX) for LCD_WR_DATAX
    lcd.o(i.LCD_Init) refers to zf_systick.o(i.systick_delay_ms) for systick_delay_ms
    lcd.o(i.LCD_Init) refers to lcd.o(i.LCD_Display_Dir) for LCD_Display_Dir
[...]
    strlen                                   0x08000279   Thumb Code    14  strlen.o(.text)
    __aeabi_fadd                             0x08000287   Thumb Code   162  fadd.o(.text)
    __aeabi_fsub                             0x08000329   Thumb Code     8  fadd.o(.text)
    __aeabi_frsub                            0x08000331   Thumb Code     8  fadd.o(.text)
    __aeabi_fmul                             0x08000339   Thumb Code   122  fmul.o(.text)
    __aeabi_fdiv                             0x080003b3   Thumb Code   124  fdiv.o(.text)
    __aeabi_dadd                             0x08000431   Thumb Code   328  dadd.o(.text)
    __aeabi_dsub                             0x08000579   Thumb Code    12  dadd.o(.text)
    __aeabi_drsub                            0x08000585   Thumb Code    12  dadd.o(.text)
    __aeabi_dmul                             0x08000595   Thumb Code   202  dmul.o(.text)
    __aeabi_ddiv                             0x08000665   Thumb Code   234  ddiv.o(.text)
    __aeabi_i2f                              0x08000755   Thumb Code    22  fflti.o(.text)
    __aeabi_ui2f                             0x0800076b   Thumb Code    14  ffltui.o(.text)
    __aeabi_i2d                              0x08000779   Thumb Code    34  dflti.o(.text)
    __aeabi_ui2d                             0x080007a1   Thumb Code    24  dfltui.o(.text)
    __aeabi_f2uiz                            0x080007bd   Thumb Code    40  ffixui.o(.text)
    __aeabi_d2iz                             0x080007e5   Thumb Code    62  dfixi.o(.text)
    __aeabi_d2uiz                            0x0800082d   Thumb Code    50  dfixui.o(.text)
    __aeabi_f2d                              0x08000869   Thumb Code    40  f2d.o(.text)
    __aeabi_cdcmpeq                          0x08000891   Thumb Code     0  cdcmple.o(.text)
    __aeabi_cdcmple                          0x08000891   Thumb Code    38  cdcmple.o(.text)
    __aeabi_cdrcmple                         0x080008b9   Thumb Code    38  cdrcmple.o(.text)
    __aeabi_d2f                              0x080008e1   Thumb Code    56  d2f.o(.text)
    __aeabi_cfcmpeq                          0x08000919   Thumb Code     0  cfcmple.o(.text)
    __aeabi_cfcmple                          0x08000919   Thumb Code    20  cfcmple.o(.text)
    __aeabi_cfrcmple                         0x0800092d   Thumb Code    20  cfrcmple.o(.text)
    __aeabi_llsl                             0x08000941   Thumb Code    32  llshl.o(.text)
    _ll_shift_l                              0x08000941   Thumb Code     0  llshl.o(.text)
    __aeabi_llsr                             0x08000961   Thumb Code    34  llushr.o(.text)
    _ll_ushift_r                             0x08000961   Thumb Code     0  llushr.o(.text)
    __aeabi_lasr                             0x08000983   Thumb Code    38  llsshr.o(.text)
    _ll_sshift_r                             0x08000983   Thumb Code     0  llsshr.o(.text)
    __I$use$fp                               0x080009a9   Thumb Code     0  iusefp.o(.text)
    _float_round                             0x080009a9   Thumb Code    16  fepilogue.o(.text)
    _float_epilogue                          0x080009b9   Thumb Code   114  fepilogue.o(.text)
    _double_round                            0x08000a2b   Thumb Code    26  depilogue.o(.text)
    _double_epilogue                         0x08000a45   Thumb Code   164  depilogue.o(.text)
    __ARM_scalbn                             0x08000ae9   Thumb Code    44  dscalb.o(.text)
    scalbn                                   0x08000ae9   Thumb Code     0  dscalb.o(.text)
    _dsqrt                                   0x08000b15   Thumb Code   162  dsqrt.o(.text)
    __aeabi_d2ulz                            0x08000bb9   Thumb Code    54  dfixul.o(.text)
    __scatterload                            0x08000bf9   Thumb Code    28  init.o(.text)
    __scatterload_rt2                        0x08000bf9   Thumb Code     0  init.o(.text)
    __decompress                             0x08000c1d   Thumb Code     0  __dczerorl2.o(.text)
    __decompress1                            0x08000c1d   Thumb Code    86  __dczerorl2.o(.text)
    AutoCalPllFactor                         0x08000c73   Thumb Code   106  system_mm32spin2xx_p.o(i.AutoCalPllFactor)
    DATAOUT                                  0x08000cdd   Thumb Code   314  lcd.o(i.DATAOUT)
    DMA1_Channel1_IRQHandler                 0x08000e17   Thumb Code    20  isr.o(i.DMA1_Channel1_IRQHandler)
    DMA1_Channel2_3_IRQHandler               0x08000e2b   Thumb Code    38  isr.o(i.DMA1_Channel2_3_IRQHandler)
    DMA1_Channel4_5_IRQHandler               0x08000e51   Thumb Code    80  isr.o(i.DMA1_Channel4_5_IRQHandler)
    DMA_ClearFlag                            0x08000ea5   Thumb Code     6  hal_dma.o(i.DMA_ClearFlag)
    DMA_GetFlagStatus                        0x08000eb1   Thumb Code    20  hal_dma.o(i.DMA_GetFlagStatus)
    EXTI0_1_IRQHandler                       0x08000ec9   Thumb Code    36  isr.o(i.EXTI0_1_IRQHandler)
    EXTI2_3_IRQHandler                       0x08000eed   Thumb Code    36  isr.o(i.EXTI2_3_IRQHandler)
    EXTI4_15_IRQHandler                      0x08000f11   Thumb Code   268  isr.o(i.EXTI4_15_IRQHandler)
    EXTI_ClearFlag                           0x08001021   Thumb Code     6  hal_exti.o(i.EXTI_ClearFlag)
    EXTI_GetITStatus                         0x0800102d   Thumb Code    30  hal_exti.o(i.EXTI_GetITStatus)
    GPIO_Init                                0x08001051   Thumb Code   154  hal_gpio.o(i.GPIO_Init)
    HardFault_Handler                        0x080010eb   Thumb Code     4  common.o(i.HardFault_Handler)
    LCD_Display_Dir                          0x080010f1   Thumb Code    58  lcd.o(i.LCD_Display_Dir)
    LCD_DrawPoint                            0x08001131   Thumb Code    70  lcd.o(i.LCD_DrawPoint)
    LCD_Init                                 0x08001177   Thumb Code  3844  lcd.o(i.LCD_Init)
    LCD_Scan_Dir                             0x0800207d   Thumb Code   616  lcd.o(i.LCD_Scan_Dir)
    LCD_SetCursor                            0x080022e9   Thumb Code   208  lcd.o(i.LCD_SetCursor)
    LCD_Set_Window                           0x080023bd   Thumb Code   418  lcd.o(i.LCD_Set_Window)
    LCD_ShowChar                             0x08002565   Thumb Code   160  gui.o(i.LCD_ShowChar)
    LCD_ShowString                           0x08002611   Thumb Code    96  gui.o(i.LCD_ShowString)
    LCD_WR_DATAX                             0x08002679   Thumb Code    52  lcd.o(i.LCD_WR_DATAX)
    LCD_WR_REG                               0x080026ad   Thumb Code    52  lcd.o(i.LCD_WR_REG)
    LCD_WriteRAM_Prepare                     0x080026e1   Thumb Code    12  lcd.o(i.LCD_WriteRAM_Prepare)
    LCD_WriteReg                             0x080026f1   Thumb Code    60  lcd.o(i.LCD_WriteReg)
    NMI_Handler                              0x0800272d   Thumb Code     4  common.o(i.NMI_Handler)
    NVIC_Init                                0x08002731   Thumb Code   100  hal_misc.o(i.NVIC_Init)
    PendSV_Handler                           0x08002799   Thumb Code     4  common.o(i.PendSV_Handler)
    RCC_APB2PeriphClockCmd                   0x0800279d   Thumb Code    28  hal_rcc.o(i.RCC_APB2PeriphClockCmd)
    SVC_Handler                              0x080027bd   Thumb Code     4  common.o(i.SVC_Handler)
    Send_page_btnm2_handler                  0x080027c1   Thumb Code   106  send_page.o(i.Send_page_btnm2_handler)
    SystemInit                               0x080029b5   Thumb Code    90  system_mm32spin2xx_p.o(i.SystemInit)
    TIM14_IRQHandler                         0x08002a21   Thumb Code    14  isr.o(i.TIM14_IRQHandler)
    TIM16_IRQHandler                         0x08002a35   Thumb Code    14  isr.o(i.TIM16_IRQHandler)
    TIM17_IRQHandler                         0x08002a49   Thumb Code    14  isr.o(i.TIM17_IRQHandler)
    TIM1_BRK_UP_TRG_COM_IRQHandler           0x08002a5d   Thumb Code    14  isr.o(i.TIM1_BRK_UP_TRG_COM_IRQHandler)
    TIM2_IRQHandler                          0x08002a71   Thumb Code    36  page.o(i.TIM2_IRQHandler)
    TIM3_IRQHandler                          0x08002a99   Thumb Code   260  yao_gan.o(i.TIM3_IRQHandler)
    TIM8_BRK_UP_TRG_COM_IRQHandler           0x08002bd9   Thumb Code    14  isr.o(i.TIM8_BRK_UP_TRG_COM_IRQHandler)
    TP_Init                                  0x08002bed   Thumb Code    16  touch.o(i.TP_Init)
    TP_Read_AD                               0x08002c01   Thumb Code   226  touch.o(i.TP_Read_AD)
    TP_Read_XOY                              0x08002ced   Thumb Code   132  touch.o(i.TP_Read_XOY)
    TP_Read_XY                               0x08002d71   Thumb Code    30  touch.o(i.TP_Read_XY)
    TP_Read_XY2                              0x08002d8f   Thumb Code   172  touch.o(i.TP_Read_XY2)
    TP_Write_Byte                            0x08002e3d   Thumb Code    92  touch.o(i.TP_Write_Byte)
    UART1_IRQHandler                         0x08002ea1   Thumb Code    48  isr.o(i.UART1_IRQHandler)
    UART2_IRQHandler                         0x08002ed5   Thumb Code    56  isr.o(i.UART2_IRQHandler)
    __0sprintf                               0x08002f11   Thumb Code    36  printfa.o(i.__0sprintf)
    __1sprintf                               0x08002f11   Thumb Code     0  printfa.o(i.__0sprintf)
    __2sprintf                               0x08002f11   Thumb Code     0  printfa.o(i.__0sprintf)
    __c89sprintf                             0x08002f11   Thumb Code     0  printfa.o(i.__0sprintf)
    sprintf                                  0x08002f11   Thumb Code     0  printfa.o(i.__0sprintf)
    __ARM_clz                                0x08002f39   Thumb Code    46  depilogue.o(i.__ARM_clz)
    __ARM_common_ll_muluu                    0x08002f67   Thumb Code    48  touch.o(i.__ARM_common_ll_muluu)
    __ARM_common_switch8                     0x08002f97   Thumb Code    28  lcd.o(i.__ARM_common_switch8)
    __ARM_fpclassify                         0x08002fb5   Thumb Code    40  fpclassify.o(i.__ARM_fpclassify)
    __ieee754_rem_pio2                       0x08002fe1   Thumb Code   838  rred.o(i.__ieee754_rem_pio2)
    __kernel_cos                             0x0800337d   Thumb Code   224  cos_i.o(i.__kernel_cos)
    __kernel_poly                            0x08003471   Thumb Code   172  poly.o(i.__kernel_poly)
    __kernel_sin                             0x0800351d   Thumb Code   222  sin_i.o(i.__kernel_sin)
    __mathlib_dbl_divzero                    0x08003609   Thumb Code    16  dunder.o(i.__mathlib_dbl_divzero)
    __mathlib_dbl_infnan                     0x0800361d   Thumb Code    10  dunder.o(i.__mathlib_dbl_infnan)
    __mathlib_dbl_infnan2                    0x08003627   Thumb Code     8  dunder.o(i.__mathlib_dbl_infnan2)
    __mathlib_dbl_invalid                    0x0800362f   Thumb Code    16  dunder.o(i.__mathlib_dbl_invalid)
    __mathlib_dbl_overflow                   0x08003641   Thumb Code    16  dunder.o(i.__mathlib_dbl_overflow)
    __mathlib_dbl_underflow                  0x08003655   Thumb Code    14  dunder.o(i.__mathlib_dbl_underflow)
    __scatterload_copy                       0x08003669   Thumb Code    14  handlers.o(i.__scatterload_copy)
    __scatterload_null                       0x08003677   Thumb Code     2  handlers.o(i.__scatterload_null)
    __scatterload_zeroinit                   0x08003679   Thumb Code    14  handlers.o(i.__scatterload_zeroinit)
    __set_errno                              0x08003689   Thumb Code     6  errno.o(i.__set_errno)
    adc_convert                              0x08003f4d   Thumb Code   100  zf_adc.o(i.adc_convert)
    adc_init                                 0x08003fb9   Thumb Code   156  zf_adc.o(i.adc_init)
    adc_mean_filter                          0x08004061   Thumb Code    42  zf_adc.o(i.adc_mean_filter)
    afio_init                                0x080040a5   Thumb Code   206  zf_gpio.o(i.afio_init)
    asin                                     0x0800417d   Thumb Code   574  asin.o(i.asin)
    board_init                               0x080043f1   Thumb Code    26  board.o(i.board_init)
    cos                                      0x0800440d   Thumb Code   142  cos.o(i.cos)
    cut_str                                  0x080044a5   Thumb Code    26  mw1208.o(i.cut_str)
    dat_handle                               0x080044c1   Thumb Code    24  mw1208.o(i.dat_handle)
    decode_data                              0x080044dd   Thumb Code    80  mw1208.o(i.decode_data)
    decode_lora_str                          0x0800452d   Thumb Code   294  mw1208.o(i.decode_lora_str)
    decode_name                              0x08004675   Thumb Code    48  mw1208.o(i.decode_name)
    decode_str_data                          0x080046a5   Thumb Code   368  skim_page.o(i.decode_str_data)
    encode_lora_cmd                          0x08004825   Thumb Code   276  mw1208.o(i.encode_lora_cmd)
    encode_lora_data                         0x080049c9   Thumb Code   260  mw1208.o(i.encode_lora_data)
    free                                     0x08004b4d   Thumb Code    80  malloc.o(i.free)
    general_handler                          0x08004ba1   Thumb Code   226  page.o(i.general_handler)
    gpio_get                                 0x08004c9d   Thumb Code    38  zf_gpio.o(i.gpio_get)
    gpio_init                                0x08004cc9   Thumb Code   190  zf_gpio.o(i.gpio_init)
    gpio_set                                 0x08004d91   Thumb Code    86  zf_gpio.o(i.gpio_set)
    gps_get_lalo_data                        0x08004ded   Thumb Code   238  gps_page.o(i.gps_get_lalo_data)
    gps_page_create                          0x08004f29   Thumb Code   560  gps_page.o(i.gps_page_create)
    gps_page_disable_display                 0x080051ad   Thumb Code    68  gps_page.o(i.gps_page_disable_display)
    gps_page_enable_display                  0x080051f5   Thumb Code    90  gps_page.o(i.gps_page_enable_display)
    gps_page_handler                         0x08005269   Thumb Code   386  gps_page.o(i.gps_page_handler)
    gps_page_string2int                      0x08005421   Thumb Code    64  gps_page.o(i.gps_page_string2int)
    image_handler                            0x08005461   Thumb Code   178  page.o(i.image_handler)
    key_init                                 0x0800551d   Thumb Code    28  key.o(i.key_init)
    key_scan                                 0x08005539   Thumb Code   122  yao_gan.o(i.key_scan)
    lcd_bar_create                           0x080055b9   Thumb Code    88  gui.o(i.lcd_bar_create)
    lcd_bar_disable_display                  0x08005611   Thumb Code    46  gui.o(i.lcd_bar_disable_display)
    lcd_bar_enable_display                   0x0800563f   Thumb Code   120  gui.o(i.lcd_bar_enable_display)
    lcd_bar_set_length                       0x080056b7   Thumb Code    10  gui.o(i.lcd_bar_set_length)
    lcd_bar_set_progress                     0x080056c1   Thumb Code   288  gui.o(i.lcd_bar_set_progress)
    lcd_bg_create                            0x080057e1   Thumb Code    72  gui.o(i.lcd_bg_create)
    lcd_btn_ack                              0x08005829   Thumb Code   286  gui.o(i.lcd_btn_ack)
    lcd_btn_create                           0x08005949   Thumb Code   264  gui.o(i.lcd_btn_create)
    lcd_btn_disable_display                  0x08005a55   Thumb Code    84  gui.o(i.lcd_btn_disable_display)
    lcd_btn_enable_display                   0x08005aa9   Thumb Code    72  gui.o(i.lcd_btn_enable_display)
    lcd_btn_get_response                     0x08005af1   Thumb Code    40  gui.o(i.lcd_btn_get_response)
    lcd_btn_set_ack_style                    0x08005b19   Thumb Code    28  gui.o(i.lcd_btn_set_ack_style)
    lcd_btn_set_edge                         0x08005b35   Thumb Code    78  gui.o(i.lcd_btn_set_edge)
    lcd_btn_set_w                            0x08005b83   Thumb Code    64  gui.o(i.lcd_btn_set_w)
    lcd_btnm_ack                             0x08005bc3   Thumb Code   280  gui.o(i.lcd_btnm_ack)
    lcd_btnm_create                          0x08005cdd   Thumb Code   704  gui.o(i.lcd_btnm_create)
    lcd_btnm_disable_display                 0x08005fa1   Thumb Code    42  gui.o(i.lcd_btnm_disable_display)
    lcd_btnm_enable_display                  0x08005fcb   Thumb Code    96  gui.o(i.lcd_btnm_enable_display)
    lcd_btnm_get_active_btn                  0x0800602b   Thumb Code   122  gui.o(i.lcd_btnm_get_active_btn)
    lcd_btnm_get_btn_trigger_sta             0x080060a5   Thumb Code    46  gui.o(i.lcd_btnm_get_btn_trigger_sta)
    lcd_btnm_get_text                        0x080060d3   Thumb Code    26  gui.o(i.lcd_btnm_get_text)
    lcd_btnm_set_active_btn                  0x080060ed   Thumb Code    74  gui.o(i.lcd_btnm_set_active_btn)
    lcd_btnm_set_btn_style                   0x08006137   Thumb Code    38  gui.o(i.lcd_btnm_set_btn_style)
    lcd_btnm_set_one_btn                     0x0800615d   Thumb Code    24  gui.o(i.lcd_btnm_set_one_btn)
    lcd_btnm_set_trigger                     0x08006175   Thumb Code    74  gui.o(i.lcd_btnm_set_trigger)
    lcd_btnm_sta_save                        0x080061bf   Thumb Code    20  gui.o(i.lcd_btnm_sta_save)
    lcd_cb_ack                               0x080061d3   Thumb Code   208  gui.o(i.lcd_cb_ack)
    lcd_cb_create                            0x080062a5   Thumb Code   150  gui.o(i.lcd_cb_create)
    lcd_cb_enable_display                    0x08006345   Thumb Code   194  gui.o(i.lcd_cb_enable_display)
    lcd_cb_set_sta                           0x08006407   Thumb Code   216  gui.o(i.lcd_cb_set_sta)
    lcd_cbl_ack                              0x080064df   Thumb Code   100  gui.o(i.lcd_cbl_ack)
    lcd_cbl_create                           0x08006545   Thumb Code   234  gui.o(i.lcd_cbl_create)
    lcd_cbl_disable_display                  0x08006635   Thumb Code    44  gui.o(i.lcd_cbl_disable_display)
    lcd_cbl_enable_display                   0x08006661   Thumb Code    84  gui.o(i.lcd_cbl_enable_display)
    lcd_cbl_set_active                       0x080066b5   Thumb Code    32  gui.o(i.lcd_cbl_set_active)
    lcd_cbl_sta_save                         0x080066d5   Thumb Code    52  gui.o(i.lcd_cbl_sta_save)
    lcd_coord_create                         0x08006709   Thumb Code    52  gui.o(i.lcd_coord_create)
    lcd_coord_disable_display                0x0800673d   Thumb Code    44  gui.o(i.lcd_coord_disable_display)
    lcd_coord_distance                       0x08006769   Thumb Code   654  gui.o(i.lcd_coord_distance)
    lcd_coord_draw                           0x08006a09   Thumb Code   278  gui.o(i.lcd_coord_draw)
    lcd_coord_draw_grid                      0x08006b29   Thumb Code   182  gui.o(i.lcd_coord_draw_grid)
    lcd_coord_draw_point                     0x08006bdf   Thumb Code    58  gui.o(i.lcd_coord_draw_point)
    lcd_coord_enable_display                 0x08006c19   Thumb Code   126  gui.o(i.lcd_coord_enable_display)
    lcd_coord_grid                           0x08006c97   Thumb Code    76  gui.o(i.lcd_coord_grid)
    lcd_coord_pram_update                    0x08006ce3   Thumb Code   194  gui.o(i.lcd_coord_pram_update)
    lcd_coord_set_data                       0x08006da5   Thumb Code     8  gui.o(i.lcd_coord_set_data)
    lcd_coord_single_point                   0x08006dad   Thumb Code   228  gui.o(i.lcd_coord_single_point)
    lcd_create_random_style                  0x08006e91   Thumb Code   150  gui.o(i.lcd_create_random_style)
    lcd_dl_create                            0x08006f2d   Thumb Code   686  gui.o(i.lcd_dl_create)
    lcd_dl_data_disable_display              0x080071f9   Thumb Code   260  gui.o(i.lcd_dl_data_disable_display)
    lcd_dl_data_enable_display               0x080072fd   Thumb Code   248  gui.o(i.lcd_dl_data_enable_display)
    lcd_dl_data_update                       0x080073f5   Thumb Code    24  gui.o(i.lcd_dl_data_update)
    lcd_dl_disable_display                   0x0800740d   Thumb Code   216  gui.o(i.lcd_dl_disable_display)
    lcd_dl_enable_display                    0x080074e5   Thumb Code   594  gui.o(i.lcd_dl_enable_display)
    lcd_dl_lbtn_action                       0x08007745   Thumb Code   164  gui.o(i.lcd_dl_lbtn_action)
    lcd_dl_set_data                          0x080077ed   Thumb Code   190  gui.o(i.lcd_dl_set_data)
    lcd_dl_set_data_index                    0x080078ab   Thumb Code    52  gui.o(i.lcd_dl_set_data_index)
    lcd_dl_set_data_length                   0x080078df   Thumb Code   118  gui.o(i.lcd_dl_set_data_length)
    lcd_dl_set_page_object_num               0x08007955   Thumb Code   292  gui.o(i.lcd_dl_set_page_object_num)
    lcd_dl_sprintf                           0x08007a79   Thumb Code   456  gui.o(i.lcd_dl_sprintf)
    lcd_dl_turn_page                         0x08007c65   Thumb Code   390  gui.o(i.lcd_dl_turn_page)
    lcd_drawLine                             0x08007df9   Thumb Code   230  gui.o(i.lcd_drawLine)
    lcd_draw_RoundRect                       0x08007edf   Thumb Code   590  gui.o(i.lcd_draw_RoundRect)
    lcd_draw_RoundRect_border                0x0800812d   Thumb Code   544  gui.o(i.lcd_draw_RoundRect_border)
    lcd_draw_RoundRect_border_down           0x0800834d   Thumb Code   634  gui.o(i.lcd_draw_RoundRect_border_down)
    lcd_draw_RoundRect_border_no             0x080085c7   Thumb Code  1116  gui.o(i.lcd_draw_RoundRect_border_no)
    lcd_draw_grad                            0x08008a23   Thumb Code   360  gui.o(i.lcd_draw_grad)
    lcd_draw_lmeter                          0x08008b8d   Thumb Code   802  gui.o(i.lcd_draw_lmeter)
    lcd_draw_pointer                         0x08008eb9   Thumb Code   386  gui.o(i.lcd_draw_pointer)
    lcd_draw_round                           0x08009045   Thumb Code   548  gui.o(i.lcd_draw_round)
    lcd_drawcolumn                           0x08009269   Thumb Code   198  gui.o(i.lcd_drawcolumn)
    lcd_drawpure                             0x0800932f   Thumb Code   174  gui.o(i.lcd_drawpure)
    lcd_drawrow                              0x080093dd   Thumb Code   148  gui.o(i.lcd_drawrow)
    lcd_image_create                         0x08009471   Thumb Code    78  gui.o(i.lcd_image_create)
    lcd_image_enable_display                 0x080094c5   Thumb Code    42  gui.o(i.lcd_image_enable_display)
    lcd_image_set_active                     0x080094ef   Thumb Code   100  gui.o(i.lcd_image_set_active)
    lcd_image_set_color                      0x08009553   Thumb Code     6  gui.o(i.lcd_image_set_color)
    lcd_label_add_char                       0x08009559   Thumb Code    62  gui.o(i.lcd_label_add_char)
    lcd_label_create                         0x08009599   Thumb Code    70  gui.o(i.lcd_label_create)
    lcd_label_del_char                       0x080095e5   Thumb Code    62  gui.o(i.lcd_label_del_char)
    lcd_label_disable_display                0x08009623   Thumb Code    24  gui.o(i.lcd_label_disable_display)
    lcd_label_enable_display                 0x0800963b   Thumb Code    44  gui.o(i.lcd_label_enable_display)
    lcd_label_get_text                       0x08009667   Thumb Code     6  gui.o(i.lcd_label_get_text)
    lcd_label_set_max_length                 0x0800966d   Thumb Code    36  gui.o(i.lcd_label_set_max_length)
    lcd_label_set_pos                        0x08009695   Thumb Code     6  gui.o(i.lcd_label_set_pos)
    lcd_label_set_text                       0x0800969d   Thumb Code    52  gui.o(i.lcd_label_set_text)
    lcd_lbtn_ack                             0x080096d5   Thumb Code   306  gui.o(i.lcd_lbtn_ack)
    lcd_lbtn_create                          0x08009809   Thumb Code   144  gui.o(i.lcd_lbtn_create)
    lcd_lbtn_enable_display                  0x0800989d   Thumb Code    80  gui.o(i.lcd_lbtn_enable_display)
    lcd_lbtn_set_active                      0x080098ed   Thumb Code   168  gui.o(i.lcd_lbtn_set_active)
    lcd_lbtn_set_style                       0x08009995   Thumb Code    32  gui.o(i.lcd_lbtn_set_style)
    lcd_lcb_ack                              0x080099b5   Thumb Code   136  gui.o(i.lcd_lcb_ack)
    lcd_lcb_create                           0x08009a3d   Thumb Code    64  gui.o(i.lcd_lcb_create)
    lcd_lcb_enable_display                   0x08009a81   Thumb Code   130  gui.o(i.lcd_lcb_enable_display)
    lcd_lcb_set_active                       0x08009b03   Thumb Code   116  gui.o(i.lcd_lcb_set_active)
    lcd_lmeter_create                        0x08009b77   Thumb Code    74  gui.o(i.lcd_lmeter_create)
    lcd_lmeter_disable_display               0x08009bc1   Thumb Code    92  gui.o(i.lcd_lmeter_disable_display)
    lcd_lmeter_enable_display                0x08009c1d   Thumb Code    76  gui.o(i.lcd_lmeter_enable_display)
    lcd_lmeter_set_angle                     0x08009c6d   Thumb Code    76  gui.o(i.lcd_lmeter_set_angle)
    lcd_make_backcolor                       0x08009cb9   Thumb Code   238  gui.o(i.lcd_make_backcolor)
    lcd_makecolor                            0x08009da7   Thumb Code    20  gui.o(i.lcd_makecolor)
    lcd_mbox_ack                             0x08009dbb   Thumb Code    84  gui.o(i.lcd_mbox_ack)
    lcd_mbox_close_message                   0x08009e0f   Thumb Code   138  gui.o(i.lcd_mbox_close_message)
    lcd_mbox_create                          0x08009e99   Thumb Code   148  gui.o(i.lcd_mbox_create)
    lcd_mbox_display_message                 0x08009f2d   Thumb Code   370  gui.o(i.lcd_mbox_display_message)
    lcd_mbox_enable_display                  0x0800a0a5   Thumb Code    92  gui.o(i.lcd_mbox_enable_display)
    lcd_mbox_set_message                     0x0800a101   Thumb Code   156  gui.o(i.lcd_mbox_set_message)
    lcd_mbox_tim_ack                         0x0800a1a1   Thumb Code    42  gui.o(i.lcd_mbox_tim_ack)
    lcd_object_disable_display               0x0800a1cb   Thumb Code    94  gui.o(i.lcd_object_disable_display)
    lcd_object_enable_display                0x0800a229   Thumb Code   158  gui.o(i.lcd_object_enable_display)
    lcd_object_enable_display_animate        0x0800a2c9   Thumb Code   288  gui.o(i.lcd_object_enable_display_animate)
    lcd_pin_init                             0x0800a3f1   Thumb Code   142  lcd.o(i.lcd_pin_init)
    lcd_show2image                           0x0800a491   Thumb Code   138  gui.o(i.lcd_show2image)
    lcd_style_set_color                      0x0800a51b   Thumb Code    20  gui.o(i.lcd_style_set_color)
    lcd_ta_add_char                          0x0800a52f   Thumb Code   104  gui.o(i.lcd_ta_add_char)
    lcd_ta_create                            0x0800a599   Thumb Code   208  gui.o(i.lcd_ta_create)
    lcd_ta_del_char                          0x0800a66d   Thumb Code    94  gui.o(i.lcd_ta_del_char)
    lcd_ta_disable_display                   0x0800a6cb   Thumb Code    88  gui.o(i.lcd_ta_disable_display)
    lcd_ta_enable_display                    0x0800a723   Thumb Code    70  gui.o(i.lcd_ta_enable_display)
    lcd_ta_enable_display_animate            0x0800a769   Thumb Code    86  gui.o(i.lcd_ta_enable_display_animate)
    lcd_ta_get_text                          0x0800a7bf   Thumb Code    12  gui.o(i.lcd_ta_get_text)
    lcd_ta_set_max_length                    0x0800a7cb   Thumb Code    42  gui.o(i.lcd_ta_set_max_length)
    lcd_ta_set_text                          0x0800a7f5   Thumb Code    60  gui.o(i.lcd_ta_set_text)
    lcd_tim_init                             0x0800a831   Thumb Code    20  gui.o(i.lcd_tim_init)
    lcd_tim_switch                           0x0800a845   Thumb Code    24  gui.o(i.lcd_tim_switch)
    main                                     0x0800a85d   Thumb Code    64  main.o(i.main)
    malloc                                   0x0800a8a1   Thumb Code    92  malloc.o(i.malloc)
    mt9v03x_dma                              0x0800a90d   Thumb Code    20  seekfree_mt9v03x.o(i.mt9v03x_dma)
    mt9v03x_vsync                            0x0800a92d   Thumb Code    20  seekfree_mt9v03x.o(i.mt9v03x_vsync)
    mw1208_init                              0x0800a949   Thumb Code    52  mw1208.o(i.mw1208_init)
    mw1208_send_data                         0x0800a97d   Thumb Code    48  mw1208.o(i.mw1208_send_data)
    mw1208_uart_handle                       0x0800a9b5   Thumb Code   108  mw1208.o(i.mw1208_uart_handle)
    nvic_init                                0x0800aa35   Thumb Code    22  common.o(i.nvic_init)
    ov7725_dma                               0x0800aa4d   Thumb Code    20  seekfree_7725.o(i.ov7725_dma)
    ov7725_uart_dma                          0x0800aa6d   Thumb Code    20  seekfree_uart_7725.o(i.ov7725_uart_dma)
    ov7725_uart_vsync                        0x0800aa8d   Thumb Code    22  seekfree_uart_7725.o(i.ov7725_uart_vsync)
    ov7725_vsync                             0x0800aaa9   Thumb Code    22  seekfree_7725.o(i.ov7725_vsync)
    page_create                              0x0800aac5   Thumb Code   486  page.o(i.page_create)
    page_del                                 0x0800ace1   Thumb Code    54  page.o(i.page_del)
    page_style_init                          0x0800ad1d   Thumb Code    64  page.o(i.page_style_init)
    page_touch_handler                       0x0800ad85   Thumb Code    84  page.o(i.page_touch_handler)
    page_touch_list                          0x0800ade9   Thumb Code    54  page.o(i.page_touch_list)
    pow                                      0x0800ae25   Thumb Code  2548  pow.o(i.pow)
    ps2_angle                                0x0800b821   Thumb Code   108  yao_gan.o(i.ps2_angle)
    ps2_init                                 0x0800b8a1   Thumb Code   100  yao_gan.o(i.ps2_init)
    ps2_limit                                0x0800b91d   Thumb Code   184  yao_gan.o(i.ps2_limit)
    ps2_speed                                0x0800b9e1   Thumb Code   114  yao_gan.o(i.ps2_speed)
    rov_page_create                          0x0800ba65   Thumb Code   452  rov_page.o(i.rov_page_create)
    rov_page_disable_display                 0x0800bc65   Thumb Code    68  rov_page.o(i.rov_page_disable_display)
    rov_page_enable_display                  0x0800bcb1   Thumb Code    90  rov_page.o(i.rov_page_enable_display)
    rov_page_handler                         0x0800bd19   Thumb Code   314  rov_page.o(i.rov_page_handler)
    send_page_btnm1_handler                  0x0800be79   Thumb Code   238  send_page.o(i.send_page_btnm1_handler)
    send_page_enable_display                 0x0800bfa5   Thumb Code    34  send_page.o(i.send_page_enable_display)
    send_page_handler                        0x0800bfd1   Thumb Code    12  send_page.o(i.send_page_handler)
    send_page_str_judge                      0x0800bfdd   Thumb Code   290  send_page.o(i.send_page_str_judge)
    send_page_string2int                     0x0800c0ff   Thumb Code    62  send_page.o(i.send_page_string2int)
    set_page_create                          0x0800c13d   Thumb Code    86  set_page.o(i.set_page_create)
    set_page_disable_display                 0x0800c1a5   Thumb Code    12  set_page.o(i.set_page_disable_display)
    set_page_enable_display                  0x0800c1b5   Thumb Code    18  set_page.o(i.set_page_enable_display)
    set_page_handler                         0x0800c1d1   Thumb Code    66  set_page.o(i.set_page_handler)
    sin                                      0x0800c21d   Thumb Code   146  sin.o(i.sin)
    skim_page_create                         0x0800c2b9   Thumb Code   332  skim_page.o(i.skim_page_create)
    skim_page_disable_display                0x0800c441   Thumb Code    28  skim_page.o(i.skim_page_disable_display)
    skim_page_enable_display                 0x0800c461   Thumb Code    52  skim_page.o(i.skim_page_enable_display)
    skim_page_get_data                       0x0800c49d   Thumb Code    18  skim_page.o(i.skim_page_get_data)
    skim_page_handler                        0x0800c4b1   Thumb Code   124  skim_page.o(i.skim_page_handler)
    sned_page_create                         0x0800c531   Thumb Code   242  send_page.o(i.sned_page_create)
    sned_page_disable_display                0x0800c641   Thumb Code    28  send_page.o(i.sned_page_disable_display)
    sqrt                                     0x0800c661   Thumb Code    66  sqrt.o(i.sqrt)
    strat_gps_lalo_get_data                  0x0800c6a9   Thumb Code   140  gps_page.o(i.strat_gps_lalo_get_data)
    systick_delay                            0x0800c761   Thumb Code    36  zf_systick.o(i.systick_delay)
    systick_delay_ms                         0x0800c789   Thumb Code    34  zf_systick.o(i.systick_delay_ms)
    systick_start                            0x0800c7b1   Thumb Code    16  zf_systick.o(i.systick_start)
    tim_init                                 0x0800c7c9   Thumb Code    16  yao_gan.o(i.tim_init)
    tim_interrupt_disable                    0x0800c7d9   Thumb Code    26  zf_pit.o(i.tim_interrupt_disable)
    tim_interrupt_enable                     0x0800c7f9   Thumb Code    26  zf_pit.o(i.tim_interrupt_enable)
    tim_interrupt_init                       0x0800c819   Thumb Code   208  zf_pit.o(i.tim_interrupt_init)
    tim_switch                               0x0800c8fd   Thumb Code    24  yao_gan.o(i.tim_switch)
    touch_pin_init                           0x0800c915   Thumb Code    64  touch.o(i.touch_pin_init)
    tp_is_sect                               0x0800c955   Thumb Code    58  gui.o(i.tp_is_sect)
    tp_scan                                  0x0800c995   Thumb Code   198  touch.o(i.tp_scan)
    uart_init                                0x0800ca7d   Thumb Code   180  zf_uart.o(i.uart_init)
    uart_rx_irq                              0x0800cb6d   Thumb Code    66  zf_uart.o(i.uart_rx_irq)
    asc16                                    0x0800cbb8   Data        1536  gui.o(.constdata)
    gImage_SEND                              0x0800d1e8   Data         200  page.o(.constdata)
    gImage_DATA                              0x0800d2b0   Data         200  page.o(.constdata)
    gImage_GPS                               0x0800d378   Data         200  page.o(.constdata)
    gImage_ROS                               0x0800d440   Data         200  page.o(.constdata)
    gImage_SET                               0x0800d508   Data         200  page.o(.constdata)
    __mathlib_zero                           0x0800d720   Data           8  qnan.o(.constdata)
    Region$$Table$$Base                      0x0800da00   Number         0  anon$$obj.o(Region$$Table)
    Region$$Table$$Limit                     0x0800da20   Number         0  anon$$obj.o(Region$$Table)
    check                                    0x20000000   Data           8  mw1208.o(.data)
    data_point                               0x20000008   Data           1  mw1208.o(.data)
    receive_data_sta                         0x20000009   Data           1  mw1208.o(.data)
    float_num                                0x20000010   Data           8  mw1208.o(.data)
    long_num                                 0x20000018   Data           4  mw1208.o(.data)
    adc_buff                                 0x2000001c   Data           6  yao_gan.o(.data)
    mid_angle_x                              0x20000022   Data           2  yao_gan.o(.data)
    mid_angle_y                              0x20000024   Data           2  yao_gan.o(.data)
    mid_speed                                0x20000026   Data           2  yao_gan.o(.data)
    angle                                    0x20000028   Data           2  yao_gan.o(.data)
    speed                                    0x2000002a   Data           4  yao_gan.o(.data)
    send_servo_pwm                           0x2000002e   Data           2  yao_gan.o(.data)
    send_motor_pwm                           0x20000030   Data           2  yao_gan.o(.data)
    speed_gear                               0x20000032   Data           2  yao_gan.o(.data)
    c_rov                                    0x20000034   Data           1  yao_gan.o(.data)
    tp_pos                                   0x20000036   Data           8  touch.o(.data)
    tp_sta                                   0x2000003e   Data           1  touch.o(.data)
    camera_type                              0x20000040   Data           1  common.o(.data)
    camera_buffer_addr                       0x20000044   Data           4  common.o(.data)
    SystemCoreClock                          0x20000048   Data           4  system_mm32spin2xx_p.o(.data)
    AHBPrescTable                            0x2000004c   Data          16  system_mm32spin2xx_p.o(.data)
    adc_index                                0x2000005c   Data           8  zf_adc.o(.data)
    adc_resolution                           0x20000064   Data           2  zf_adc.o(.data)
    gpio_group                               0x20000068   Data          16  zf_gpio.o(.data)
    tim_index                                0x20000078   Data          28  zf_tim.o(.data)
    uart_index                               0x20000094   Data           8  zf_uart.o(.data)
    uart_irq                                 0x2000009c   Data           2  zf_uart.o(.data)
    ov7725_finish_flag                       0x2000009e   Data           1  seekfree_7725.o(.data)
    mt9v03x_finish_flag                      0x200000a2   Data           1  seekfree_mt9v03x.o(.data)
    MT9V03X_CFG                              0x200000a8   Data          36  seekfree_mt9v03x.o(.data)
    GET_CFG                                  0x200000cc   Data          32  seekfree_mt9v03x.o(.data)
    ov7725_uart_finish_flag                  0x200000ec   Data           1  seekfree_uart_7725.o(.data)
    OV7725_CFG                               0x200000ee   Data          24  seekfree_uart_7725.o(.data)
    OV7725_GET_CFG                           0x20000106   Data          20  seekfree_uart_7725.o(.data)
    page_flag                                0x20000120   Data           1  page.o(.data)
    bg                                       0x20000124   Data           4  page.o(.data)
    mbox1                                    0x20000128   Data           4  page.o(.data)
    mbox2                                    0x2000012c   Data           4  page.o(.data)
    style1                                   0x20000130   Data          10  page.o(.data)
    style2                                   0x2000013a   Data          10  page.o(.data)
    style3                                   0x20000144   Data          10  page.o(.data)
    style4                                   0x2000014e   Data          10  page.o(.data)
    style5                                   0x20000158   Data          10  page.o(.data)
    style6                                   0x20000162   Data          10  page.o(.data)
    style7                                   0x2000016c   Data          10  page.o(.data)
    style8                                   0x20000176   Data          10  page.o(.data)
    style9                                   0x20000180   Data          10  page.o(.data)
    style10                                  0x2000018a   Data          10  page.o(.data)
    page_cb                                  0x20000194   Data           4  page.o(.data)
    active_image                             0x20000198   Data           1  page.o(.data)
    btnm1_map                                0x2000019c   Data          76  send_page.o(.data)
    btnm2_map                                0x200001e8   Data          56  send_page.o(.data)
    data_list_index                          0x20000220   Data           1  send_page.o(.data)
    btnm3_map                                0x20000224   Data          20  rov_page.o(.data)
    cbl1_map                                 0x20000238   Data          20  rov_page.o(.data)
    max_gear                                 0x2000024c   Data           2  rov_page.o(.data)
    map_dl                                   0x20000250   Data          40  skim_page.o(.data)
    map_btnm1                                0x20000278   Data          24  skim_page.o(.data)
    map_cbl5                                 0x20000290   Data          12  skim_page.o(.data)
    Gyro_x                                   0x2000029c   Data           4  skim_page.o(.data)
    Gyro_y                                   0x200002a0   Data           4  skim_page.o(.data)
    Gyro_z                                   0x200002a4   Data           4  skim_page.o(.data)
    Acc_x                                    0x200002a8   Data           4  skim_page.o(.data)
    Acc_y                                    0x200002ac   Data           4  skim_page.o(.data)
    Acc_z                                    0x200002b0   Data           4  skim_page.o(.data)
    Pitch                                    0x200002b4   Data           4  skim_page.o(.data)
    Roll                                     0x200002b8   Data           4  skim_page.o(.data)
    Yaw                                      0x200002bc   Data           4  skim_page.o(.data)
    gps_map_dl                               0x200002c0   Data          16  gps_page.o(.data)
    gps_btnm_map                             0x200002d0   Data          84  gps_page.o(.data)
    Latitude                                 0x20000328   Data           8  gps_page.o(.data)
    Longitude                                0x20000330   Data           8  gps_page.o(.data)
    HEight                                   0x20000338   Data           4  gps_page.o(.data)
    Set_page                                 0x2000033c   Data           4  set_page.o(.data)
    set_btnml_map                            0x20000340   Data          24  set_page.o(.data)
    __microlib_freelist                      0x2000035c   Data           4  mvars.o(.data)
    __microlib_freelist_initialised          0x20000360   Data           4  mvars.o(.data)
    lcddev                                   0x20000368   Data          12  lcd.o(.bss)
    lora_send_data                           0x20000374   Data          32  mw1208.o(.bss)
    lora_receive_data                        0x20000394   Data          32  mw1208.o(.bss)
    image                                    0x200003b4   Data          20  page.o(.bss)
    Send_page                                0x200003c8   Data          12  send_page.o(.bss)
    Rov_page                                 0x200003d4   Data          24  rov_page.o(.bss)
    Skim_page                                0x200003f0   Data          16  skim_page.o(.bss)
    data_buffer                              0x20000400   Data          16  skim_page.o(.bss)
    Gps_page                                 0x20000410   Data          96  gps_page.o(.bss)
    gps_la                                   0x20000470   Data         128  gps_page.o(.bss)
    gps_lo                                   0x200004f0   Data         128  gps_page.o(.bss)
    __heap_base                              0x20000570   Data           0  startup_mm32spin2xx_p_keil.o(HEAP)
    __heap_limit                             0x20001d70   Data           0  startup_mm32spin2xx_p_keil.o(HEAP)
    __initial_sp                             0x20002170   Data           0  startup_mm32spin2xx_p_keil.o(STACK)



==============================================================================

Memory Map of the image

  Image Entry point : 0x080000c1

  Load Region LR_IROM1 (Base: 0x08000000, Size: 0x0000dd88, Max: 0x00020000, ABSOLUTE, COMPRESSED[0x0000dbd0])

    Execution Region ER_IROM1 (Exec base: 0x08000000, Load base: 0x08000000, Size: 0x0000da20, Max: 0x00020000, ABSOLUTE)

    Exec Addr    Load Addr    Size         Type   Attr      Idx    E Section Name        Object

    0x08000000   0x08000000   0x000000c0   Data   RO         1214    RESET               startup_mm32spin2xx_p_keil.o
    0x080000c0   0x080000c0   0x00000000   Code   RO         7183  * .ARM.Collect$$$$00000000  mc_p.l(entry.o)
    0x080000c0   0x080000c0   0x00000004   Code   RO         7565    .ARM.Collect$$$$00000001  mc_p.l(entry2.o)
    0x080000c4   0x080000c4   0x00000004   Code   RO         7568    .ARM.Collect$$$$00000004  mc_p.l(entry5.o)
    0x080000c8   0x080000c8   0x00000000   Code   RO         7570    .ARM.Collect$$$$00000008  mc_p.l(entry7b.o)
    0x080000c8   0x080000c8   0x00000000   Code   RO         7572    .ARM.Collect$$$$0000000A  mc_p.l(entry8b.o)
    0x080000c8   0x080000c8   0x00000008   Code   RO         7573    .ARM.Collect$$$$0000000B  mc_p.l(entry9a.o)
    0x080000d0   0x080000d0   0x00000000   Code   RO         7575    .ARM.Collect$$$$0000000D  mc_p.l(entry10a.o)
    0x080000d0   0x080000d0   0x00000000   Code   RO         7577    .ARM.Collect$$$$0000000F  mc_p.l(entry11a.o)
    0x080000d0   0x080000d0   0x00000004   Code   RO         7566    .ARM.Collect$$$$00002712  mc_p.l(entry2.o)
    0x080000d4   0x080000d4   0x00000084   Code   RO         1215    .text               startup_mm32spin2xx_p_keil.o
    0x08000158   0x08000158   0x0000002c   Code   RO         7186    .text               mc_p.l(uidiv.o)
    0x08000184   0x08000184   0x00000028   Code   RO         7188    .text               mc_p.l(idiv.o)
    0x080001ac   0x080001ac   0x00000060   Code   RO         7190    .text               mc_p.l(uldiv.o)
    0x0800020c   0x0800020c   0x00000024   Code   RO         7192    .text               mc_p.l(rand.o)
    0x08000230   0x08000230   0x00000024   Code   RO         7195    .text               mc_p.l(memcpya.o)
    0x08000254   0x08000254   0x00000024   Code   RO         7197    .text               mc_p.l(memseta.o)
    0x08000278   0x08000278   0x0000000e   Code   RO         7199    .text               mc_p.l(strlen.o)
    0x08000286   0x08000286   0x000000b2   Code   RO         7494    .text               mf_p.l(fadd.o)
    0x08000338   0x08000338   0x0000007a   Code   RO         7496    .text               mf_p.l(fmul.o)
    0x080003b2   0x080003b2   0x0000007c   Code   RO         7498    .text               mf_p.l(fdiv.o)
    0x0800042e   0x0800042e   0x00000002   PAD
    0x08000430   0x08000430   0x00000164   Code   RO         7500    .text               mf_p.l(dadd.o)
    0x08000594   0x08000594   0x000000d0   Code   RO         7502    .text               mf_p.l(dmul.o)
    0x08000664   0x08000664   0x000000f0   Code   RO         7504    .text               mf_p.l(ddiv.o)
    0x08000754   0x08000754   0x00000016   Code   RO         7506    .text               mf_p.l(fflti.o)
    0x0800076a   0x0800076a   0x0000000e   Code   RO         7508    .text               mf_p.l(ffltui.o)
    0x08000778   0x08000778   0x00000028   Code   RO         7510    .text               mf_p.l(dflti.o)
    0x080007a0   0x080007a0   0x0000001c   Code   RO         7512    .text               mf_p.l(dfltui.o)
    0x080007bc   0x080007bc   0x00000028   Code   RO         7514    .text               mf_p.l(ffixui.o)
    0x080007e4   0x080007e4   0x00000048   Code   RO         7516    .text               mf_p.l(dfixi.o)
    0x0800082c   0x0800082c   0x0000003c   Code   RO         7518    .text               mf_p.l(dfixui.o)
    0x08000868   0x08000868   0x00000028   Code   RO         7520    .text               mf_p.l(f2d.o)
    0x08000890   0x08000890   0x00000028   Code   RO         7522    .text               mf_p.l(cdcmple.o)
    0x080008b8   0x080008b8   0x00000028   Code   RO         7524    .text               mf_p.l(cdrcmple.o)
    0x080008e0   0x080008e0   0x00000038   Code   RO         7526    .text               mf_p.l(d2f.o)
    0x08000918   0x08000918   0x00000014   Code   RO         7528    .text               mf_p.l(cfcmple.o)
    0x0800092c   0x0800092c   0x00000014   Code   RO         7530    .text               mf_p.l(cfrcmple.o)
    0x08000940   0x08000940   0x00000020   Code   RO         7580    .text               mc_p.l(llshl.o)
    0x08000960   0x08000960   0x00000022   Code   RO         7582    .text               mc_p.l(llushr.o)
    0x08000982   0x08000982   0x00000026   Code   RO         7584    .text               mc_p.l(llsshr.o)
    0x080009a8   0x080009a8   0x00000000   Code   RO         7595    .text               mc_p.l(iusefp.o)
    0x080009a8   0x080009a8   0x00000082   Code   RO         7596    .text               mf_p.l(fepilogue.o)
    0x08000a2a   0x08000a2a   0x000000be   Code   RO         7598    .text               mf_p.l(depilogue.o)
    0x08000ae8   0x08000ae8   0x0000002c   Code   RO         7602    .text               mf_p.l(dscalb.o)
    0x08000b14   0x08000b14   0x000000a2   Code   RO         7604    .text               mf_p.l(dsqrt.o)
    0x08000bb6   0x08000bb6   0x00000002   PAD
    0x08000bb8   0x08000bb8   0x00000040   Code   RO         7606    .text               mf_p.l(dfixul.o)
    0x08000bf8   0x08000bf8   0x00000024   Code   RO         7608    .text               mc_p.l(init.o)
    0x08000c1c   0x08000c1c   0x00000056   Code   RO         7618    .text               mc_p.l(__dczerorl2.o)
    0x08000c72   0x08000c72   0x0000006a   Code   RO         1175    i.AutoCalPllFactor  system_mm32spin2xx_p.o
    0x08000cdc   0x08000cdc   0x0000013a   Code   RO          422    i.DATAOUT           lcd.o
    0x08000e16   0x08000e16   0x00000014   Code   RO            3    i.DMA1_Channel1_IRQHandler  isr.o
    0x08000e2a   0x08000e2a   0x00000026   Code   RO            4    i.DMA1_Channel2_3_IRQHandler  isr.o
    0x08000e50   0x08000e50   0x00000054   Code   RO            5    i.DMA1_Channel4_5_IRQHandler  isr.o
    0x08000ea4   0x08000ea4   0x0000000c   Code   RO         3327    i.DMA_ClearFlag     hal_dma.o
    0x08000eb0   0x08000eb0   0x00000018   Code   RO         3332    i.DMA_GetFlagStatus  hal_dma.o
    0x08000ec8   0x08000ec8   0x00000024   Code   RO            6    i.EXTI0_1_IRQHandler  isr.o
    0x08000eec   0x08000eec   0x00000024   Code   RO            7    i.EXTI2_3_IRQHandler  isr.o
    0x08000f10   0x08000f10   0x00000110   Code   RO            8    i.EXTI4_15_IRQHandler  isr.o
    0x08001020   0x08001020   0x0000000c   Code   RO         3428    i.EXTI_ClearFlag    hal_exti.o
    0x0800102c   0x0800102c   0x00000024   Code   RO         3433    i.EXTI_GetITStatus  hal_exti.o
    0x08001050   0x08001050   0x0000009a   Code   RO         3722    i.GPIO_Init         hal_gpio.o
    0x080010ea   0x080010ea   0x00000004   Code   RO         1007    i.HardFault_Handler  common.o
    0x080010ee   0x080010ee   0x00000002   PAD
    0x080010f0   0x080010f0   0x00000040   Code   RO          426    i.LCD_Display_Dir   lcd.o
    0x08001130   0x08001130   0x00000046   Code   RO          427    i.LCD_DrawPoint     lcd.o
    0x08001176   0x08001176   0x00000f04   Code   RO          430    i.LCD_Init          lcd.o
    0x0800207a   0x0800207a   0x00000002   PAD
    0x0800207c   0x0800207c   0x0000026c   Code   RO          432    i.LCD_Scan_Dir      lcd.o
    0x080022e8   0x080022e8   0x000000d4   Code   RO          433    i.LCD_SetCursor     lcd.o
    0x080023bc   0x080023bc   0x000001a8   Code   RO          434    i.LCD_Set_Window    lcd.o
    0x08002564   0x08002564   0x000000ac   Code   RO         5633    i.LCD_ShowChar      gui.o
    0x08002610   0x08002610   0x00000068   Code   RO         5634    i.LCD_ShowString    gui.o
    0x08002678   0x08002678   0x00000034   Code   RO          435    i.LCD_WR_DATAX      lcd.o
    0x080026ac   0x080026ac   0x00000034   Code   RO          436    i.LCD_WR_REG        lcd.o
    0x080026e0   0x080026e0   0x00000010   Code   RO          438    i.LCD_WriteRAM_Prepare  lcd.o
    0x080026f0   0x080026f0   0x0000003c   Code   RO          439    i.LCD_WriteReg      lcd.o
    0x0800272c   0x0800272c   0x00000004   Code   RO         1009    i.NMI_Handler       common.o
    0x08002730   0x08002730   0x00000068   Code   RO         4104    i.NVIC_Init         hal_misc.o
    0x08002798   0x08002798   0x00000004   Code   RO         1010    i.PendSV_Handler    common.o
    0x0800279c   0x0800279c   0x00000020   Code   RO         4244    i.RCC_APB2PeriphClockCmd  hal_rcc.o
    0x080027bc   0x080027bc   0x00000004   Code   RO         1011    i.SVC_Handler       common.o
    0x080027c0   0x080027c0   0x00000088   Code   RO         6845    i.Send_page_btnm2_handler  send_page.o
    0x08002848   0x08002848   0x00000008   Code   RO         1176    i.SetSysClock       system_mm32spin2xx_p.o
    0x08002850   0x08002850   0x00000164   Code   RO         1177    i.SetSysClockToXX   system_mm32spin2xx_p.o
    0x080029b4   0x080029b4   0x0000006c   Code   RO         1178    i.SystemInit        system_mm32spin2xx_p.o
    0x08002a20   0x08002a20   0x00000014   Code   RO            9    i.TIM14_IRQHandler  isr.o
    0x08002a34   0x08002a34   0x00000014   Code   RO           10    i.TIM16_IRQHandler  isr.o
    0x08002a48   0x08002a48   0x00000014   Code   RO           11    i.TIM17_IRQHandler  isr.o
    0x08002a5c   0x08002a5c   0x00000014   Code   RO           12    i.TIM1_BRK_UP_TRG_COM_IRQHandler  isr.o
    0x08002a70   0x08002a70   0x00000028   Code   RO         6772    i.TIM2_IRQHandler   page.o
    0x08002a98   0x08002a98   0x00000140   Code   RO          792    i.TIM3_IRQHandler   yao_gan.o
    0x08002bd8   0x08002bd8   0x00000014   Code   RO           13    i.TIM8_BRK_UP_TRG_COM_IRQHandler  isr.o
    0x08002bec   0x08002bec   0x00000014   Code   RO          888    i.TP_Init           touch.o
    0x08002c00   0x08002c00   0x000000ec   Code   RO          889    i.TP_Read_AD        touch.o
    0x08002cec   0x08002cec   0x00000084   Code   RO          890    i.TP_Read_XOY       touch.o
    0x08002d70   0x08002d70   0x0000001e   Code   RO          891    i.TP_Read_XY        touch.o
    0x08002d8e   0x08002d8e   0x000000ac   Code   RO          892    i.TP_Read_XY2       touch.o
    0x08002e3a   0x08002e3a   0x00000002   PAD
    0x08002e3c   0x08002e3c   0x00000064   Code   RO          893    i.TP_Write_Byte     touch.o
    0x08002ea0   0x08002ea0   0x00000034   Code   RO           14    i.UART1_IRQHandler  isr.o
    0x08002ed4   0x08002ed4   0x0000003c   Code   RO           15    i.UART2_IRQHandler  isr.o
    0x08002f10   0x08002f10   0x00000028   Code   RO         7440    i.__0sprintf        mc_p.l(printfa.o)
    0x08002f38   0x08002f38   0x0000002e   Code   RO         7600    i.__ARM_clz         mf_p.l(depilogue.o)
    0x08002f66   0x08002f66   0x00000030   Code   RO          948    i.__ARM_common_ll_muluu  touch.o
    0x08002f96   0x08002f96   0x0000001c   Code   RO          561    i.__ARM_common_switch8  lcd.o
    0x08002fb2   0x08002fb2   0x00000002   PAD
    0x08002fb4   0x08002fb4   0x0000002c   Code   RO         7549    i.__ARM_fpclassify  m_ps.l(fpclassify.o)
    0x08002fe0   0x08002fe0   0x0000039c   Code   RO         7554    i.__ieee754_rem_pio2  m_ps.l(rred.o)
    0x0800337c   0x0800337c   0x000000f4   Code   RO         7532    i.__kernel_cos      m_ps.l(cos_i.o)
    0x08003470   0x08003470   0x000000ac   Code   RO         7551    i.__kernel_poly     m_ps.l(poly.o)
    0x0800351c   0x0800351c   0x000000ec   Code   RO         7559    i.__kernel_sin      m_ps.l(sin_i.o)
    0x08003608   0x08003608   0x00000014   Code   RO         7535    i.__mathlib_dbl_divzero  m_ps.l(dunder.o)
    0x0800361c   0x0800361c   0x0000000a   Code   RO         7536    i.__mathlib_dbl_infnan  m_ps.l(dunder.o)
    0x08003626   0x08003626   0x00000008   Code   RO         7537    i.__mathlib_dbl_infnan2  m_ps.l(dunder.o)
    0x0800362e   0x0800362e   0x00000010   Code   RO         7538    i.__mathlib_dbl_invalid  m_ps.l(dunder.o)
    0x0800363e   0x0800363e   0x00000002   PAD
    0x08003640   0x08003640   0x00000014   Code   RO         7539    i.__mathlib_dbl_overflow  m_ps.l(dunder.o)
    0x08003654   0x08003654   0x00000014   Code   RO         7541    i.__mathlib_dbl_underflow  m_ps.l(dunder.o)
    0x08003668   0x08003668   0x0000000e   Code   RO         7612    i.__scatterload_copy  mc_p.l(handlers.o)
    0x08003676   0x08003676   0x00000002   Code   RO         7613    i.__scatterload_null  mc_p.l(handlers.o)
    0x08003678   0x08003678   0x0000000e   Code   RO         7614    i.__scatterload_zeroinit  mc_p.l(handlers.o)
    0x08003686   0x08003686   0x00000002   PAD
    0x08003688   0x08003688   0x0000000c   Code   RO         7590    i.__set_errno       mc_p.l(errno.o)
    0x08003694   0x08003694   0x00000174   Code   RO         7445    i._fp_digits        mc_p.l(printfa.o)
    0x08003808   0x08003808   0x000006ec   Code   RO         7446    i._printf_core      mc_p.l(printfa.o)
    0x08003ef4   0x08003ef4   0x00000020   Code   RO         7447    i._printf_post_padding  mc_p.l(printfa.o)
    0x08003f14   0x08003f14   0x0000002c   Code   RO         7448    i._printf_pre_padding  mc_p.l(printfa.o)
    0x08003f40   0x08003f40   0x0000000a   Code   RO         7450    i._sputc            mc_p.l(printfa.o)
    0x08003f4a   0x08003f4a   0x00000002   PAD
    0x08003f4c   0x08003f4c   0x0000006c   Code   RO         1221    i.adc_convert       zf_adc.o
    0x08003fb8   0x08003fb8   0x000000a8   Code   RO         1222    i.adc_init          zf_adc.o
    0x08004060   0x08004060   0x0000002a   Code   RO         1223    i.adc_mean_filter   zf_adc.o
    0x0800408a   0x0800408a   0x0000001a   Code   RO         1224    i.adc_pin_init      zf_adc.o
    0x080040a4   0x080040a4   0x000000d8   Code   RO         1379    i.afio_init         zf_gpio.o
    0x0800417c   0x0800417c   0x00000274   Code   RO         7140    i.asin              m_ps.l(asin.o)
    0x080043f0   0x080043f0   0x0000001a   Code   RO          982    i.board_init        board.o
    0x0800440a   0x0800440a   0x00000002   PAD
    0x0800440c   0x0800440c   0x00000098   Code   RO         7150    i.cos               m_ps.l(cos.o)
    0x080044a4   0x080044a4   0x0000001a   Code   RO          575    i.cut_str           mw1208.o
    0x080044be   0x080044be   0x00000002   PAD
    0x080044c0   0x080044c0   0x0000001c   Code   RO          576    i.dat_handle        mw1208.o
    0x080044dc   0x080044dc   0x00000050   Code   RO          577    i.decode_data       mw1208.o
    0x0800452c   0x0800452c   0x00000148   Code   RO          578    i.decode_lora_str   mw1208.o
    0x08004674   0x08004674   0x00000030   Code   RO          579    i.decode_name       mw1208.o
    0x080046a4   0x080046a4   0x00000180   Code   RO         6963    i.decode_str_data   skim_page.o
    0x08004824   0x08004824   0x000001a4   Code   RO          580    i.encode_lora_cmd   mw1208.o
    0x080049c8   0x080049c8   0x00000184   Code   RO          581    i.encode_lora_data  mw1208.o
    0x08004b4c   0x08004b4c   0x00000054   Code   RO         7466    i.free              mc_p.l(malloc.o)
    0x08004ba0   0x08004ba0   0x000000fc   Code   RO         6773    i.general_handler   page.o
    0x08004c9c   0x08004c9c   0x0000002c   Code   RO         1381    i.gpio_get          zf_gpio.o
    0x08004cc8   0x08004cc8   0x000000c8   Code   RO         1382    i.gpio_init         zf_gpio.o
    0x08004d90   0x08004d90   0x0000005c   Code   RO         1383    i.gpio_set          zf_gpio.o
    0x08004dec   0x08004dec   0x0000013c   Code   RO         7024    i.gps_get_lalo_data  gps_page.o
    0x08004f28   0x08004f28   0x00000284   Code   RO         7025    i.gps_page_create   gps_page.o
    0x080051ac   0x080051ac   0x00000048   Code   RO         7026    i.gps_page_disable_display  gps_page.o
    0x080051f4   0x080051f4   0x00000074   Code   RO         7027    i.gps_page_enable_display  gps_page.o
    0x08005268   0x08005268   0x000001b8   Code   RO         7028    i.gps_page_handler  gps_page.o
    0x08005420   0x08005420   0x00000040   Code   RO         7029    i.gps_page_string2int  gps_page.o
    0x08005460   0x08005460   0x000000bc   Code   RO         6774    i.image_handler     page.o
    0x0800551c   0x0800551c   0x0000001c   Code   RO          693    i.key_init          key.o
    0x08005538   0x08005538   0x00000080   Code   RO          793    i.key_scan          yao_gan.o
    0x080055b8   0x080055b8   0x00000058   Code   RO         5635    i.lcd_bar_create    gui.o
    0x08005610   0x08005610   0x0000002e   Code   RO         5637    i.lcd_bar_disable_display  gui.o
    0x0800563e   0x0800563e   0x00000078   Code   RO         5638    i.lcd_bar_enable_display  gui.o
    0x080056b6   0x080056b6   0x0000000a   Code   RO         5639    i.lcd_bar_set_length  gui.o
    0x080056c0   0x080056c0   0x00000120   Code   RO         5641    i.lcd_bar_set_progress  gui.o
    0x080057e0   0x080057e0   0x00000048   Code   RO         5645    i.lcd_bg_create     gui.o
    0x08005828   0x08005828   0x0000011e   Code   RO         5647    i.lcd_btn_ack       gui.o
    0x08005946   0x08005946   0x00000002   PAD
    0x08005948   0x08005948   0x0000010c   Code   RO         5648    i.lcd_btn_create    gui.o
    0x08005a54   0x08005a54   0x00000054   Code   RO         5650    i.lcd_btn_disable_display  gui.o
    0x08005aa8   0x08005aa8   0x00000048   Code   RO         5651    i.lcd_btn_enable_display  gui.o
    0x08005af0   0x08005af0   0x00000028   Code   RO         5652    i.lcd_btn_get_response  gui.o
    0x08005b18   0x08005b18   0x0000001c   Code   RO         5654    i.lcd_btn_set_ack_style  gui.o
    0x08005b34   0x08005b34   0x0000004e   Code   RO         5657    i.lcd_btn_set_edge  gui.o
    0x08005b82   0x08005b82   0x00000040   Code   RO         5661    i.lcd_btn_set_w     gui.o
    0x08005bc2   0x08005bc2   0x00000118   Code   RO         5662    i.lcd_btnm_ack      gui.o
    0x08005cda   0x08005cda   0x00000002   PAD
    0x08005cdc   0x08005cdc   0x000002c4   Code   RO         5663    i.lcd_btnm_create   gui.o
    0x08005fa0   0x08005fa0   0x0000002a   Code   RO         5665    i.lcd_btnm_disable_display  gui.o
    0x08005fca   0x08005fca   0x00000060   Code   RO         5666    i.lcd_btnm_enable_display  gui.o
    0x0800602a   0x0800602a   0x0000007a   Code   RO         5667    i.lcd_btnm_get_active_btn  gui.o
    0x080060a4   0x080060a4   0x0000002e   Code   RO         5668    i.lcd_btnm_get_btn_trigger_sta  gui.o
    0x080060d2   0x080060d2   0x0000001a   Code   RO         5669    i.lcd_btnm_get_text  gui.o
    0x080060ec   0x080060ec   0x0000004a   Code   RO         5670    i.lcd_btnm_set_active_btn  gui.o
    0x08006136   0x08006136   0x00000026   Code   RO         5674    i.lcd_btnm_set_btn_style  gui.o
    0x0800615c   0x0800615c   0x00000018   Code   RO         5675    i.lcd_btnm_set_one_btn  gui.o
    0x08006174   0x08006174   0x0000004a   Code   RO         5677    i.lcd_btnm_set_trigger  gui.o
    0x080061be   0x080061be   0x00000014   Code   RO         5678    i.lcd_btnm_sta_save  gui.o
    0x080061d2   0x080061d2   0x000000d0   Code   RO         5679    i.lcd_cb_ack        gui.o
    0x080062a2   0x080062a2   0x00000002   PAD
    0x080062a4   0x080062a4   0x000000a0   Code   RO         5680    i.lcd_cb_create     gui.o
    0x08006344   0x08006344   0x000000c2   Code   RO         5683    i.lcd_cb_enable_display  gui.o
    0x08006406   0x08006406   0x000000d8   Code   RO         5688    i.lcd_cb_set_sta    gui.o
    0x080064de   0x080064de   0x00000064   Code   RO         5690    i.lcd_cbl_ack       gui.o
    0x08006542   0x08006542   0x00000002   PAD
    0x08006544   0x08006544   0x000000f0   Code   RO         5691    i.lcd_cbl_create    gui.o
    0x08006634   0x08006634   0x0000002c   Code   RO         5693    i.lcd_cbl_disable_display  gui.o
    0x08006660   0x08006660   0x00000054   Code   RO         5694    i.lcd_cbl_enable_display  gui.o
    0x080066b4   0x080066b4   0x00000020   Code   RO         5695    i.lcd_cbl_set_active  gui.o
    0x080066d4   0x080066d4   0x00000034   Code   RO         5697    i.lcd_cbl_sta_save  gui.o
    0x08006708   0x08006708   0x00000034   Code   RO         5698    i.lcd_coord_create  gui.o
    0x0800673c   0x0800673c   0x0000002c   Code   RO         5699    i.lcd_coord_disable_display  gui.o
    0x08006768   0x08006768   0x000002a0   Code   RO         5700    i.lcd_coord_distance  gui.o
    0x08006a08   0x08006a08   0x00000120   Code   RO         5701    i.lcd_coord_draw    gui.o
    0x08006b28   0x08006b28   0x000000b6   Code   RO         5702    i.lcd_coord_draw_grid  gui.o
    0x08006bde   0x08006bde   0x0000003a   Code   RO         5703    i.lcd_coord_draw_point  gui.o
    0x08006c18   0x08006c18   0x0000007e   Code   RO         5704    i.lcd_coord_enable_display  gui.o
    0x08006c96   0x08006c96   0x0000004c   Code   RO         5705    i.lcd_coord_grid    gui.o
    0x08006ce2   0x08006ce2   0x000000c2   Code   RO         5706    i.lcd_coord_pram_update  gui.o
    0x08006da4   0x08006da4   0x00000008   Code   RO         5707    i.lcd_coord_set_data  gui.o
    0x08006dac   0x08006dac   0x000000e4   Code   RO         5708    i.lcd_coord_single_point  gui.o
    0x08006e90   0x08006e90   0x0000009c   Code   RO         5709    i.lcd_create_random_style  gui.o
    0x08006f2c   0x08006f2c   0x000002cc   Code   RO         5710    i.lcd_dl_create     gui.o
    0x080071f8   0x080071f8   0x00000104   Code   RO         5711    i.lcd_dl_data_disable_display  gui.o
    0x080072fc   0x080072fc   0x000000f8   Code   RO         5712    i.lcd_dl_data_enable_display  gui.o
    0x080073f4   0x080073f4   0x00000018   Code   RO         5713    i.lcd_dl_data_update  gui.o
    0x0800740c   0x0800740c   0x000000d8   Code   RO         5715    i.lcd_dl_disable_display  gui.o
    0x080074e4   0x080074e4   0x00000260   Code   RO         5716    i.lcd_dl_enable_display  gui.o
    0x08007744   0x08007744   0x000000a8   Code   RO         5717    i.lcd_dl_lbtn_action  gui.o
    0x080077ec   0x080077ec   0x000000be   Code   RO         5719    i.lcd_dl_set_data   gui.o
    0x080078aa   0x080078aa   0x00000034   Code   RO         5720    i.lcd_dl_set_data_index  gui.o
    0x080078de   0x080078de   0x00000076   Code   RO         5721    i.lcd_dl_set_data_length  gui.o
    0x08007954   0x08007954   0x00000124   Code   RO         5722    i.lcd_dl_set_page_object_num  gui.o
    0x08007a78   0x08007a78   0x000001ec   Code   RO         5723    i.lcd_dl_sprintf    gui.o
    0x08007c64   0x08007c64   0x00000194   Code   RO         5724    i.lcd_dl_turn_page  gui.o
    0x08007df8   0x08007df8   0x000000e6   Code   RO         5725    i.lcd_drawLine      gui.o
    0x08007ede   0x08007ede   0x0000024e   Code   RO         5726    i.lcd_draw_RoundRect  gui.o
    0x0800812c   0x0800812c   0x00000220   Code   RO         5727    i.lcd_draw_RoundRect_border  gui.o
    0x0800834c   0x0800834c   0x0000027a   Code   RO         5728    i.lcd_draw_RoundRect_border_down  gui.o
    0x080085c6   0x080085c6   0x0000045c   Code   RO         5729    i.lcd_draw_RoundRect_border_no  gui.o
    0x08008a22   0x08008a22   0x00000168   Code   RO         5730    i.lcd_draw_grad     gui.o
    0x08008b8a   0x08008b8a   0x00000002   PAD
    0x08008b8c   0x08008b8c   0x0000032c   Code   RO         5731    i.lcd_draw_lmeter   gui.o
    0x08008eb8   0x08008eb8   0x0000018c   Code   RO         5732    i.lcd_draw_pointer  gui.o
    0x08009044   0x08009044   0x00000224   Code   RO         5733    i.lcd_draw_round    gui.o
    0x08009268   0x08009268   0x000000c6   Code   RO         5734    i.lcd_drawcolumn    gui.o
    0x0800932e   0x0800932e   0x000000ae   Code   RO         5735    i.lcd_drawpure      gui.o
    0x080093dc   0x080093dc   0x00000094   Code   RO         5736    i.lcd_drawrow       gui.o
    0x08009470   0x08009470   0x00000054   Code   RO         5738    i.lcd_image_create  gui.o
    0x080094c4   0x080094c4   0x0000002a   Code   RO         5741    i.lcd_image_enable_display  gui.o
    0x080094ee   0x080094ee   0x00000064   Code   RO         5743    i.lcd_image_set_active  gui.o
    0x08009552   0x08009552   0x00000006   Code   RO         5744    i.lcd_image_set_color  gui.o
    0x08009558   0x08009558   0x0000003e   Code   RO         5746    i.lcd_label_add_char  gui.o
    0x08009596   0x08009596   0x00000002   PAD
    0x08009598   0x08009598   0x0000004c   Code   RO         5747    i.lcd_label_create  gui.o
    0x080095e4   0x080095e4   0x0000003e   Code   RO         5749    i.lcd_label_del_char  gui.o
    0x08009622   0x08009622   0x00000018   Code   RO         5750    i.lcd_label_disable_display  gui.o
    0x0800963a   0x0800963a   0x0000002c   Code   RO         5751    i.lcd_label_enable_display  gui.o
    0x08009666   0x08009666   0x00000006   Code   RO         5752    i.lcd_label_get_text  gui.o
    0x0800966c   0x0800966c   0x00000028   Code   RO         5754    i.lcd_label_set_max_length  gui.o
    0x08009694   0x08009694   0x00000006   Code   RO         5755    i.lcd_label_set_pos  gui.o
    0x0800969a   0x0800969a   0x00000002   PAD
    0x0800969c   0x0800969c   0x00000038   Code   RO         5756    i.lcd_label_set_text  gui.o
    0x080096d4   0x080096d4   0x00000132   Code   RO         5757    i.lcd_lbtn_ack      gui.o
    0x08009806   0x08009806   0x00000002   PAD
    0x08009808   0x08009808   0x00000094   Code   RO         5758    i.lcd_lbtn_create   gui.o
    0x0800989c   0x0800989c   0x00000050   Code   RO         5760    i.lcd_lbtn_enable_display  gui.o
    0x080098ec   0x080098ec   0x000000a8   Code   RO         5761    i.lcd_lbtn_set_active  gui.o
    0x08009994   0x08009994   0x00000020   Code   RO         5762    i.lcd_lbtn_set_style  gui.o
    0x080099b4   0x080099b4   0x00000088   Code   RO         5763    i.lcd_lcb_ack       gui.o
    0x08009a3c   0x08009a3c   0x00000044   Code   RO         5764    i.lcd_lcb_create    gui.o
    0x08009a80   0x08009a80   0x00000082   Code   RO         5766    i.lcd_lcb_enable_display  gui.o
    0x08009b02   0x08009b02   0x00000074   Code   RO         5767    i.lcd_lcb_set_active  gui.o
    0x08009b76   0x08009b76   0x0000004a   Code   RO         5768    i.lcd_lmeter_create  gui.o
    0x08009bc0   0x08009bc0   0x0000005c   Code   RO         5770    i.lcd_lmeter_disable_display  gui.o
    0x08009c1c   0x08009c1c   0x00000050   Code   RO         5771    i.lcd_lmeter_enable_display  gui.o
    0x08009c6c   0x08009c6c   0x0000004c   Code   RO         5772    i.lcd_lmeter_set_angle  gui.o
    0x08009cb8   0x08009cb8   0x000000ee   Code   RO         5773    i.lcd_make_backcolor  gui.o
    0x08009da6   0x08009da6   0x00000014   Code   RO         5774    i.lcd_makecolor     gui.o
    0x08009dba   0x08009dba   0x00000054   Code   RO         5776    i.lcd_mbox_ack      gui.o
    0x08009e0e   0x08009e0e   0x0000008a   Code   RO         5777    i.lcd_mbox_close_message  gui.o
    0x08009e98   0x08009e98   0x00000094   Code   RO         5778    i.lcd_mbox_create   gui.o
    0x08009f2c   0x08009f2c   0x00000178   Code   RO         5781    i.lcd_mbox_display_message  gui.o
    0x0800a0a4   0x0800a0a4   0x0000005c   Code   RO         5782    i.lcd_mbox_enable_display  gui.o
    0x0800a100   0x0800a100   0x000000a0   Code   RO         5785    i.lcd_mbox_set_message  gui.o
    0x0800a1a0   0x0800a1a0   0x0000002a   Code   RO         5788    i.lcd_mbox_tim_ack  gui.o
    0x0800a1ca   0x0800a1ca   0x0000005e   Code   RO         5789    i.lcd_object_disable_display  gui.o
    0x0800a228   0x0800a228   0x0000009e   Code   RO         5791    i.lcd_object_enable_display  gui.o
    0x0800a2c6   0x0800a2c6   0x00000002   PAD
    0x0800a2c8   0x0800a2c8   0x00000128   Code   RO         5792    i.lcd_object_enable_display_animate  gui.o
    0x0800a3f0   0x0800a3f0   0x000000a0   Code   RO          440    i.lcd_pin_init      lcd.o
    0x0800a490   0x0800a490   0x0000008a   Code   RO         5793    i.lcd_show2image    gui.o
    0x0800a51a   0x0800a51a   0x00000014   Code   RO         5794    i.lcd_style_set_color  gui.o
    0x0800a52e   0x0800a52e   0x00000068   Code   RO         5795    i.lcd_ta_add_char   gui.o
    0x0800a596   0x0800a596   0x00000002   PAD
    0x0800a598   0x0800a598   0x000000d4   Code   RO         5796    i.lcd_ta_create     gui.o
    0x0800a66c   0x0800a66c   0x0000005e   Code   RO         5798    i.lcd_ta_del_char   gui.o
    0x0800a6ca   0x0800a6ca   0x00000058   Code   RO         5799    i.lcd_ta_disable_display  gui.o
    0x0800a722   0x0800a722   0x00000046   Code   RO         5801    i.lcd_ta_enable_display  gui.o
    0x0800a768   0x0800a768   0x00000056   Code   RO         5802    i.lcd_ta_enable_display_animate  gui.o
    0x0800a7be   0x0800a7be   0x0000000c   Code   RO         5803    i.lcd_ta_get_text   gui.o
    0x0800a7ca   0x0800a7ca   0x0000002a   Code   RO         5809    i.lcd_ta_set_max_length  gui.o
    0x0800a7f4   0x0800a7f4   0x0000003c   Code   RO         5812    i.lcd_ta_set_text   gui.o
    0x0800a830   0x0800a830   0x00000014   Code   RO         5816    i.lcd_tim_init      gui.o
    0x0800a844   0x0800a844   0x00000018   Code   RO         5817    i.lcd_tim_switch    gui.o
    0x0800a85c   0x0800a85c   0x00000044   Code   RO          368    i.main              main.o
    0x0800a8a0   0x0800a8a0   0x0000006c   Code   RO         7467    i.malloc            mc_p.l(malloc.o)
    0x0800a90c   0x0800a90c   0x00000020   Code   RO         2503    i.mt9v03x_dma       seekfree_mt9v03x.o
    0x0800a92c   0x0800a92c   0x0000001c   Code   RO         2509    i.mt9v03x_vsync     seekfree_mt9v03x.o
    0x0800a948   0x0800a948   0x00000034   Code   RO          582    i.mw1208_init       mw1208.o
    0x0800a97c   0x0800a97c   0x00000038   Code   RO          583    i.mw1208_send_data  mw1208.o
    0x0800a9b4   0x0800a9b4   0x00000080   Code   RO          585    i.mw1208_uart_handle  mw1208.o
    0x0800aa34   0x0800aa34   0x00000016   Code   RO         1013    i.nvic_init         common.o
    0x0800aa4a   0x0800aa4a   0x00000002   PAD
    0x0800aa4c   0x0800aa4c   0x00000020   Code   RO         1909    i.ov7725_dma        seekfree_7725.o
    0x0800aa6c   0x0800aa6c   0x00000020   Code   RO         2751    i.ov7725_uart_dma   seekfree_uart_7725.o
    0x0800aa8c   0x0800aa8c   0x0000001c   Code   RO         2757    i.ov7725_uart_vsync  seekfree_uart_7725.o
    0x0800aaa8   0x0800aaa8   0x0000001c   Code   RO         1922    i.ov7725_vsync      seekfree_7725.o
    0x0800aac4   0x0800aac4   0x0000021c   Code   RO         6775    i.page_create       page.o
    0x0800ace0   0x0800ace0   0x0000003c   Code   RO         6776    i.page_del          page.o
    0x0800ad1c   0x0800ad1c   0x00000068   Code   RO         6777    i.page_style_init   page.o
    0x0800ad84   0x0800ad84   0x00000064   Code   RO         6778    i.page_touch_handler  page.o
    0x0800ade8   0x0800ade8   0x0000003c   Code   RO         6779    i.page_touch_list   page.o
    0x0800ae24   0x0800ae24   0x000009fc   Code   RO         7158    i.pow               m_ps.l(pow.o)
    0x0800b820   0x0800b820   0x00000080   Code   RO          794    i.ps2_angle         yao_gan.o
    0x0800b8a0   0x0800b8a0   0x0000007c   Code   RO          795    i.ps2_init          yao_gan.o
    0x0800b91c   0x0800b91c   0x000000c4   Code   RO          796    i.ps2_limit         yao_gan.o
    0x0800b9e0   0x0800b9e0   0x00000084   Code   RO          797    i.ps2_speed         yao_gan.o
    0x0800ba64   0x0800ba64   0x00000200   Code   RO         6916    i.rov_page_create   rov_page.o
    0x0800bc64   0x0800bc64   0x0000004c   Code   RO         6917    i.rov_page_disable_display  rov_page.o
    0x0800bcb0   0x0800bcb0   0x00000068   Code   RO         6918    i.rov_page_enable_display  rov_page.o
    0x0800bd18   0x0800bd18   0x00000160   Code   RO         6919    i.rov_page_handler  rov_page.o
    0x0800be78   0x0800be78   0x0000012c   Code   RO         6846    i.send_page_btnm1_handler  send_page.o
    0x0800bfa4   0x0800bfa4   0x0000002c   Code   RO         6847    i.send_page_enable_display  send_page.o
    0x0800bfd0   0x0800bfd0   0x0000000c   Code   RO         6848    i.send_page_handler  send_page.o
    0x0800bfdc   0x0800bfdc   0x00000122   Code   RO         6849    i.send_page_str_judge  send_page.o
    0x0800c0fe   0x0800c0fe   0x0000003e   Code   RO         6850    i.send_page_string2int  send_page.o
    0x0800c13c   0x0800c13c   0x00000068   Code   RO         7094    i.set_page_create   set_page.o
    0x0800c1a4   0x0800c1a4   0x00000010   Code   RO         7095    i.set_page_disable_display  set_page.o
    0x0800c1b4   0x0800c1b4   0x0000001c   Code   RO         7096    i.set_page_enable_display  set_page.o
    0x0800c1d0   0x0800c1d0   0x0000004c   Code   RO         7097    i.set_page_handler  set_page.o
    0x0800c21c   0x0800c21c   0x0000009c   Code   RO         7168    i.sin               m_ps.l(sin.o)
    0x0800c2b8   0x0800c2b8   0x00000188   Code   RO         6964    i.skim_page_create  skim_page.o
    0x0800c440   0x0800c440   0x00000020   Code   RO         6965    i.skim_page_disable_display  skim_page.o
    0x0800c460   0x0800c460   0x0000003c   Code   RO         6966    i.skim_page_enable_display  skim_page.o
    0x0800c49c   0x0800c49c   0x00000012   Code   RO         6967    i.skim_page_get_data  skim_page.o
    0x0800c4ae   0x0800c4ae   0x00000002   PAD
    0x0800c4b0   0x0800c4b0   0x00000080   Code   RO         6968    i.skim_page_handler  skim_page.o
    0x0800c530   0x0800c530   0x00000110   Code   RO         6851    i.sned_page_create  send_page.o
    0x0800c640   0x0800c640   0x00000020   Code   RO         6852    i.sned_page_disable_display  send_page.o
    0x0800c660   0x0800c660   0x00000048   Code   RO         7176    i.sqrt              m_ps.l(sqrt.o)
    0x0800c6a8   0x0800c6a8   0x000000b8   Code   RO         7030    i.strat_gps_lalo_get_data  gps_page.o
    0x0800c760   0x0800c760   0x00000028   Code   RO         1563    i.systick_delay     zf_systick.o
    0x0800c788   0x0800c788   0x00000028   Code   RO         1564    i.systick_delay_ms  zf_systick.o
    0x0800c7b0   0x0800c7b0   0x00000018   Code   RO         1566    i.systick_start     zf_systick.o
    0x0800c7c8   0x0800c7c8   0x00000010   Code   RO          798    i.tim_init          yao_gan.o
    0x0800c7d8   0x0800c7d8   0x00000020   Code   RO         1435    i.tim_interrupt_disable  zf_pit.o
    0x0800c7f8   0x0800c7f8   0x00000020   Code   RO         1436    i.tim_interrupt_enable  zf_pit.o
    0x0800c818   0x0800c818   0x000000e4   Code   RO         1437    i.tim_interrupt_init  zf_pit.o
    0x0800c8fc   0x0800c8fc   0x00000018   Code   RO          799    i.tim_switch        yao_gan.o
    0x0800c914   0x0800c914   0x00000040   Code   RO          894    i.touch_pin_init    touch.o
    0x0800c954   0x0800c954   0x00000040   Code   RO         5818    i.tp_is_sect        gui.o
    0x0800c994   0x0800c994   0x000000e8   Code   RO          895    i.tp_scan           touch.o
    0x0800ca7c   0x0800ca7c   0x000000c4   Code   RO         1682    i.uart_init         zf_uart.o
    0x0800cb40   0x0800cb40   0x0000002c   Code   RO         1683    i.uart_pin_init     zf_uart.o
    0x0800cb6c   0x0800cb6c   0x0000004c   Code   RO         1688    i.uart_rx_irq       zf_uart.o
    0x0800cbb8   0x0800cbb8   0x0000062e   Data   RO         5819    .constdata          gui.o
    0x0800d1e6   0x0800d1e6   0x00000002   PAD
    0x0800d1e8   0x0800d1e8   0x000003f2   Data   RO         6781    .constdata          page.o
    0x0800d5da   0x0800d5da   0x00000002   PAD
    0x0800d5dc   0x0800d5dc   0x0000000a   Data   RO         6854    .constdata          send_page.o
    0x0800d5e6   0x0800d5e6   0x00000002   PAD
    0x0800d5e8   0x0800d5e8   0x0000000a   Data   RO         6921    .constdata          rov_page.o
    0x0800d5f2   0x0800d5f2   0x00000002   PAD
    0x0800d5f4   0x0800d5f4   0x0000000a   Data   RO         6970    .constdata          skim_page.o
    0x0800d5fe   0x0800d5fe   0x00000002   PAD
    0x0800d600   0x0800d600   0x0000000a   Data   RO         7032    .constdata          gps_page.o
    0x0800d60a   0x0800d60a   0x00000002   PAD
    0x0800d60c   0x0800d60c   0x0000000a   Data   RO         7098    .constdata          set_page.o
    0x0800d616   0x0800d616   0x00000002   PAD
    0x0800d618   0x0800d618   0x00000050   Data   RO         7141    .constdata          m_ps.l(asin.o)
    0x0800d668   0x0800d668   0x00000088   Data   RO         7159    .constdata          m_ps.l(pow.o)
    0x0800d6f0   0x0800d6f0   0x00000030   Data   RO         7533    .constdata          m_ps.l(cos_i.o)
    0x0800d720   0x0800d720   0x00000008   Data   RO         7553    .constdata          m_ps.l(qnan.o)
    0x0800d728   0x0800d728   0x000000c8   Data   RO         7556    .constdata          m_ps.l(rred.o)
    0x0800d7f0   0x0800d7f0   0x00000028   Data   RO         7560    .constdata          m_ps.l(sin_i.o)
    0x0800d818   0x0800d818   0x000000ad   Data   RO         6855    .conststring        send_page.o
    0x0800d8c5   0x0800d8c5   0x00000003   PAD
    0x0800d8c8   0x0800d8c8   0x00000050   Data   RO         6922    .conststring        rov_page.o
    0x0800d918   0x0800d918   0x0000006f   Data   RO         6971    .conststring        skim_page.o
    0x0800d987   0x0800d987   0x00000001   PAD
    0x0800d988   0x0800d988   0x0000004b   Data   RO         7033    .conststring        gps_page.o
    0x0800d9d3   0x0800d9d3   0x00000001   PAD
    0x0800d9d4   0x0800d9d4   0x00000020   Data   RO         7099    .conststring        set_page.o
    0x0800d9f4   0x0800d9f4   0x00000002   Data   RO         6972    .conststrlit        skim_page.o
    0x0800d9f6   0x0800d9f6   0x00000002   PAD
    0x0800d9f8   0x0800d9f8   0x00000002   Data   RO         7034    .conststrlit        gps_page.o
    0x0800d9fa   0x0800d9fa   0x00000002   PAD
    0x0800d9fc   0x0800d9fc   0x00000002   Data   RO         7100    .conststrlit        set_page.o
    0x0800d9fe   0x0800d9fe   0x00000002   PAD
    0x0800da00   0x0800da00   0x00000020   Data   RO         7610    Region$$Table       anon$$obj.o


    Execution Region RW_IRAM1 (Exec base: 0x20000000, Load base: 0x0800da20, Size: 0x00002170, Max: 0x00003000, ABSOLUTE, COMPRESSED[0x000001b0])

    Exec Addr    Load Addr    Size         Type   Attr      Idx    E Section Name        Object

    0x20000000   COMPRESSED   0x0000001c   Data   RW          587    .data               mw1208.o
    0x2000001c   COMPRESSED   0x0000001a   Data   RW          800    .data               yao_gan.o
    0x20000036   COMPRESSED   0x00000009   Data   RW          896    .data               touch.o
    0x2000003f   COMPRESSED   0x00000001   PAD
    0x20000040   COMPRESSED   0x00000008   Data   RW         1016    .data               common.o
    0x20000048   COMPRESSED   0x00000014   Data   RW         1179    .data               system_mm32spin2xx_p.o
    0x2000005c   COMPRESSED   0x0000000a   Data   RW         1225    .data               zf_adc.o
    0x20000066   COMPRESSED   0x00000002   PAD
    0x20000068   COMPRESSED   0x00000010   Data   RW         1385    .data               zf_gpio.o
    0x20000078   COMPRESSED   0x0000001c   Data   RW         1622    .data               zf_tim.o
    0x20000094   COMPRESSED   0x0000000a   Data   RW         1690    .data               zf_uart.o
    0x2000009e   COMPRESSED   0x00000004   Data   RW         1924    .data               seekfree_7725.o
    0x200000a2   COMPRESSED   0x0000004a   Data   RW         2515    .data               seekfree_mt9v03x.o
    0x200000ec   COMPRESSED   0x00000033   Data   RW         2760    .data               seekfree_uart_7725.o
    0x2000011f   COMPRESSED   0x00000001   PAD
    0x20000120   COMPRESSED   0x00000079   Data   RW         6782    .data               page.o
    0x20000199   COMPRESSED   0x00000003   PAD
    0x2000019c   COMPRESSED   0x00000085   Data   RW         6856    .data               send_page.o
    0x20000221   COMPRESSED   0x00000003   PAD
    0x20000224   COMPRESSED   0x0000002a   Data   RW         6923    .data               rov_page.o
    0x2000024e   COMPRESSED   0x00000002   PAD
    0x20000250   COMPRESSED   0x00000070   Data   RW         6973    .data               skim_page.o
    0x200002c0   COMPRESSED   0x0000007c   Data   RW         7035    .data               gps_page.o
    0x2000033c   COMPRESSED   0x0000001c   Data   RW         7101    .data               set_page.o
    0x20000358   COMPRESSED   0x00000004   Data   RW         7193    .data               mc_p.l(rand.o)
    0x2000035c   COMPRESSED   0x00000004   Data   RW         7586    .data               mc_p.l(mvars.o)
    0x20000360   COMPRESSED   0x00000004   Data   RW         7587    .data               mc_p.l(mvars.o)
    0x20000364   COMPRESSED   0x00000004   Data   RW         7591    .data               mc_p.l(errno.o)
    0x20000368        -       0x0000000c   Zero   RW          443    .bss                lcd.o
    0x20000374        -       0x00000040   Zero   RW          586    .bss                mw1208.o
    0x200003b4        -       0x00000014   Zero   RW         6780    .bss                page.o
    0x200003c8        -       0x0000000c   Zero   RW         6853    .bss                send_page.o
    0x200003d4        -       0x00000018   Zero   RW         6920    .bss                rov_page.o
    0x200003ec   COMPRESSED   0x00000004   PAD
    0x200003f0        -       0x00000020   Zero   RW         6969    .bss                skim_page.o
    0x20000410        -       0x00000160   Zero   RW         7031    .bss                gps_page.o
    0x20000570        -       0x00001800   Zero   RW         1213    HEAP                startup_mm32spin2xx_p_keil.o
    0x20001d70        -       0x00000400   Zero   RW         1212    STACK               startup_mm32spin2xx_p_keil.o


==============================================================================

Image component sizes


      Code (inc. data)   RO Data    RW Data    ZI Data      Debug   Object Name

        26          0          0          0          0        553   board.o
        38          0          0          8          0       5108   common.o
      1836        290         87        124        352       6045   gps_page.o
     21316        256       1582          0          0      88203   gui.o
        36         10          0          0          0       1116   hal_dma.o
        48         12          0          0          0       1128   hal_exti.o
       154          0          0          0          0       3320   hal_gpio.o
       104          4          0          0          0        944   hal_misc.o
        32          4          0          0          0        589   hal_rcc.o
       698         46          0          0          0      76395   isr.o
        28          0          0          0          0       3879   key.o
      5916         62          0          0         12      13241   lcd.o
        68          4          0          0          0        479   main.o
      1554        338          0         28         64       8576   mw1208.o
      1344        186       1010        121         20       6220   page.o
      1044        120         90         42         24       3277   rov_page.o
        60         18          0          4          0       1834   seekfree_7725.o
        60         20          0         74          0       1998   seekfree_mt9v03x.o
         0          0          0          0          0       9009   seekfree_printf.o
        60         18          0         51          0       2104   seekfree_uart_7725.o
      1148        136        183        133         12       6035   send_page.o
       224         42         44         28          0       2807   set_page.o
      1014         92        123        112         32       5138   skim_page.o
       132         58        192          0       7168        740   startup_mm32spin2xx_p_keil.o
       578         44          0         20          0       3628   system_mm32spin2xx_p.o
      1034         56          0          9          0       6279   touch.o
      1068        140          0         26          0       5884   yao_gan.o
       344         20          0         10          0       4094   zf_adc.o
       552         32          0         16          0       4359   zf_gpio.o
       292         32          0          0          0       1832   zf_pit.o
       104         18          0          0          0       1535   zf_systick.o
         0          0          0         28          0        612   zf_tim.o
       316         26          0         10          0       3444   zf_uart.o

    ----------------------------------------------------------------------
     41264       2084       3368        856       7688     280405   Object Totals
         0          0         32          0          0          0   (incl. Generated)
        36          0         25         12          4          0   (incl. Padding)

    ----------------------------------------------------------------------

      Code (inc. data)   RO Data    RW Data    ZI Data      Debug   Library Member Name

       628         54         80          0          0        104   asin.o
       152         10          0          0          0        104   cos.o
       244         20         48          0          0         92   cos_i.o
        94         14          0          0          0        408   dunder.o
        44          4          0          0          0         60   fpclassify.o
       172          0          0          0          0         76   poly.o
      2556        196        136          0          0        240   pow.o
         0          0          8          0          0          0   qnan.o
       924         86        200          0          0        120   rred.o
       156         10          0          0          0        104   sin.o
       236         14         40          0          0        100   sin_i.o
        72          6          0          0          0         76   sqrt.o
        86          0          0          0          0          0   __dczerorl2.o
         0          0          0          0          0          0   entry.o
         0          0          0          0          0          0   entry10a.o
         0          0          0          0          0          0   entry11a.o
         8          4          0          0          0          0   entry2.o
         4          0          0          0          0          0   entry5.o
         0          0          0          0          0          0   entry7b.o
         0          0          0          0          0          0   entry8b.o
         8          4          0          0          0          0   entry9a.o
        12          6          0          4          0         60   errno.o
        30          0          0          0          0          0   handlers.o
        40          0          0          0          0         72   idiv.o
        36          8          0          0          0         68   init.o
         0          0          0          0          0          0   iusefp.o
        32          0          0          0          0         68   llshl.o
        38          0          0          0          0         68   llsshr.o
        34          0          0          0          0         68   llushr.o
       192         20          0          0          0        144   malloc.o
        36          0          0          0          0         60   memcpya.o
        36          0          0          0          0        100   memseta.o
         0          0          0          8          0          0   mvars.o
      2270         94          0          0          0        472   printfa.o
        36         12          0          4          0        120   rand.o
        14          0          0          0          0         60   strlen.o
        44          0          0          0          0         72   uidiv.o
        96          0          0          0          0         84   uldiv.o
        40          2          0          0          0         68   cdcmple.o
        40          2          0          0          0         68   cdrcmple.o
        20          0          0          0          0         68   cfcmple.o
        20          0          0          0          0         68   cfrcmple.o
        56          0          0          0          0         68   d2f.o
       356          4          0          0          0        140   dadd.o
       240          6          0          0          0         84   ddiv.o
       236          0          0          0          0        216   depilogue.o
        72         10          0          0          0         72   dfixi.o
        60         10          0          0          0         68   dfixui.o
        64         10          0          0          0         68   dfixul.o
        40          6          0          0          0         68   dflti.o
        28          4          0          0          0         68   dfltui.o
       208          6          0          0          0         88   dmul.o
        44          0          0          0          0         72   dscalb.o
       162          0          0          0          0         80   dsqrt.o
        40          0          0          0          0         60   f2d.o
       178          0          0          0          0        108   fadd.o
       124          0          0          0          0         72   fdiv.o
       130          0          0          0          0        144   fepilogue.o
        40          0          0          0          0         60   ffixui.o
        22          0          0          0          0         68   fflti.o
        14          0          0          0          0         68   ffltui.o
       122          0          0          0          0         72   fmul.o

    ----------------------------------------------------------------------
     10696        622        512         16          0       5016   Library Totals
        10          0          0          0          0          0   (incl. Padding)

    ----------------------------------------------------------------------

      Code (inc. data)   RO Data    RW Data    ZI Data      Debug   Library Name

      5278        414        512          0          0       1484   m_ps.l
      3052        148          0         16          0       1516   mc_p.l
      2356         60          0          0          0       2016   mf_p.l

    ----------------------------------------------------------------------
     10696        622        512         16          0       5016   Library Totals

    ----------------------------------------------------------------------

==============================================================================


      Code (inc. data)   RO Data    RW Data    ZI Data      Debug   

     51960       2706       3880        872       7688     271753   Grand Totals
     51960       2706       3880        432       7688     271753   ELF Image Totals (compressed)
     51960       2706       3880        432          0          0   ROM Totals

==============================================================================

    Total RO  Size (Code + RO Data)                55840 (  54.53kB)
    Total RW  Size (RW Data + ZI Data)              8560 (   8.36kB)
    Total ROM Size (Code + RO Data + RW Data)      56272 (  54.95kB)

==============================================================================

